Sep 25 16:10:56.999 [31mERROR[0m Failed to start subgraph and explorer server: Address already in use (os error 48)
Sep 25 16:11:00.436 [33mWARN[0m Failed to start subgraph and explorer server: Address already in use (os error 48)
Sep 25 16:11:00.436 [32mINFO[0m Continuing with simnet startup...
Sep 25 16:11:00.436 [32mINFO[0m Datasource connection successful. Epoch 1042 / Slot index 245081 / Slot 450389081.
Sep 25 16:11:00.436 [32mINFO[0m Skipping 0 lamport airdrop
Sep 25 16:11:00.436 [32mINFO[0m Account Hf1cD93ear3eJGqZUmcm912AFdSg7kbW41w5edRrHYaz not found, creating a new account from default values
Sep 25 16:11:00.436 [32mINFO[0m Account Hf1cD93ear3eJGqZUmcm912AFdSg7kbW41w5edRrHYaz updated.
Sep 25 16:11:01.913 [32mINFO[0m Account 2x2osnpnuo8qcDvJeBjQsYuKk12eymLSx9deCN9BJb4m not found, creating a new account from default values
Sep 25 16:11:01.915 [32mINFO[0m Account 2x2osnpnuo8qcDvJeBjQsYuKk12eymLSx9deCN9BJb4m updated.
Sep 25 16:11:04.141 [32mINFO[0m Account 7okuGKwRkoLvcGsu1wXHC3gqJQk41FZT9mo363Qsefwu not found, creating a new account from default values
Sep 25 16:11:04.141 [32mINFO[0m Account 7okuGKwRkoLvcGsu1wXHC3gqJQk41FZT9mo363Qsefwu updated.
Sep 25 16:11:05.653 [32mINFO[0m Account EGaHpAB9Svfv6zW8ZcNrSEayvMPNsg1gJqQUPDYfNKqL not found, creating a new account from default values
Sep 25 16:11:05.655 [32mINFO[0m Account EGaHpAB9Svfv6zW8ZcNrSEayvMPNsg1gJqQUPDYfNKqL updated.
Sep 25 16:11:07.246 [32mINFO[0m Account CuZDTZrPcGrRcjjFEF4UmcxgGq75Jm8eFFaxAWnSBBGA not found, creating a new account from default values
Sep 25 16:11:07.246 [32mINFO[0m Account CuZDTZrPcGrRcjjFEF4UmcxgGq75Jm8eFFaxAWnSBBGA updated.
Sep 25 16:11:08.727 [32mINFO[0m Account 9V2ngYYce5fmbjEUhYMiVFMRY7CT9qmvYXB8vzc6S1as not found, creating a new account from default values
Sep 25 16:11:08.727 [32mINFO[0m Account 9V2ngYYce5fmbjEUhYMiVFMRY7CT9qmvYXB8vzc6S1as updated.
Sep 25 16:11:10.193 [32mINFO[0m Account CcJ4VfBuFwMTPgDB7EjaWkzLidqZ4ZEiEEXGViL3oJiw not found, creating a new account from default values
Sep 25 16:11:10.194 [32mINFO[0m Account CcJ4VfBuFwMTPgDB7EjaWkzLidqZ4ZEiEEXGViL3oJiw updated.
Sep 25 16:11:11.683 [32mINFO[0m Account HMFt5dbUCAMtxq9vcirRSpgoTHGQH3tow8RbRVp5greU not found, creating a new account from default values
Sep 25 16:11:11.693 [32mINFO[0m Account HMFt5dbUCAMtxq9vcirRSpgoTHGQH3tow8RbRVp5greU updated.
Sep 25 16:11:13.112 [32mINFO[0m Account hoyjKyffP55yKjj8aEGARUQi5xKC3bZTYv4j4ih3dBy not found, creating a new account from default values
Sep 25 16:11:13.112 [32mINFO[0m Account hoyjKyffP55yKjj8aEGARUQi5xKC3bZTYv4j4ih3dBy updated.
Sep 25 16:11:14.694 [32mINFO[0m Account 75uzrnEcXXKf7fi53BxTBh5kTJCY7o6WD2qLvjMMShZd not found, creating a new account from default values
Sep 25 16:11:14.694 [32mINFO[0m Account 75uzrnEcXXKf7fi53BxTBh5kTJCY7o6WD2qLvjMMShZd updated.
Sep 25 16:11:16.067 [32mINFO[0m Account CNgdDTfsLRujBAhh8uVHP34gBHuHNvrE7x4wdZsh12et not found, creating a new account from default values
Sep 25 16:11:16.067 [32mINFO[0m Account CNgdDTfsLRujBAhh8uVHP34gBHuHNvrE7x4wdZsh12et updated.
Sep 25 16:11:17.513 [32mINFO[0m Account AwuneQgALPAye5TgJVzBfJJJfNBu7ezYwvNoyo8hHrpQ not found, creating a new account from default values
Sep 25 16:11:17.513 [32mINFO[0m Account AwuneQgALPAye5TgJVzBfJJJfNBu7ezYwvNoyo8hHrpQ updated.
Sep 25 16:11:19.020 [32mINFO[0m Account EPjFWdd5AufqSSqeM2qN1xzybapC8G4wEGGkZwyTDt1v updated.
Sep 25 16:11:19.416 [32mINFO[0m Account w3agifuLCa3XLpTQgXXKvC9Pipbn6AMaEPWk7ZTV86u updated.
Sep 25 16:11:20.844 [32mINFO[0m Account FSYurJQkjYZE3i2RpJup4fxpGonDurdcUoNTSr86w6BY updated.
Sep 25 16:11:22.561 [32mINFO[0m Account RJMMjTfuk35VJFYguqabN2Dp4HZPnqU433LW8LUB73F updated.
Sep 25 16:11:28.521 [32mINFO[0m Account 9LZdXeKGeBV6hRLdxS1rHbHoEUsKqesCC2ZAPTPKJAbK updated.
Sep 25 16:11:58.010 [32mINFO[0m Account J6uS2Gr9ficzTCBtDKukunXePfr3sa33t9brFiWtpRZv updated.
Sep 25 16:11:59.060 [32mINFO[0m Account XsoCS1TfEyfFhfvj8EtZ528L3CaKBDBRqRapnBbDF2W updated.
Sep 25 16:11:59.494 [32mINFO[0m Account Xs8S1uUs1zvS2p7iwtsG3b6fkhpvmwz4GYU3gWAmWHZ updated.
Sep 25 16:11:59.980 [32mINFO[0m Account Xsc9qvGR1efVDFGLrVsmkzv3qi45LTBjeUKSPmx9qEh updated.
Sep 25 16:12:00.669 [32mINFO[0m Account XsbEhLAtcf6HdfpFZ5xEMdqW8nfAvcsP5bdudRLJzJp updated.
Sep 25 16:12:01.345 [32mINFO[0m Account XsDoVfqeBukxuZHWhdvWHBhgEHjGNst4MLodqsJHzoB updated.
Sep 25 16:12:01.772 [32mINFO[0m Account XspzcW1PRtgf6Wj92HCiZdjzKCyFekVD8P5Ueh3dRMX updated.
Sep 25 16:12:02.409 [32mINFO[0m Account XsCPL9dNWBMvFtTmwcCA5v3xWPSMEBCszbQdiLLq6aN updated.
Sep 25 16:12:03.077 [32mINFO[0m Account Xs3eBt7uRfJX8QUs4suhyU8p2M6DoUDrJyWBa8LLZsg updated.
Sep 25 16:12:03.781 [32mINFO[0m Account Xsa62P5mvPszXL1krVUnU5ar38bBSVcWAB6fmPCo5Zu updated.
Sep 25 16:12:04.492 [32mINFO[0m Account PreweJYECqtQwBtpxHL171nL2K6umo692gTm7Q3rpgF updated.
Sep 25 16:12:05.198 [32mINFO[0m Account Pren1FvFX6J3E4kXhJuCiAD5aDmGEb7qJRncwA8Lkhw updated.
Sep 25 16:12:05.879 [32mINFO[0m Account PresTj4Yc2bAR197Er7wz4UUKSfqt6FryBEdAriBoQB updated.
Sep 25 16:12:06.732 [32mINFO[0m Account PreZad18qfPtbxNpMtMuAuX2zVpvkEU8DnJx56faCWd updated.
Sep 25 16:12:07.494 [32mINFO[0m Account PreLWGkkeqG1s4HEfFZSy9moCrJ7btsHuUtfcCeoRua updated.
Sep 25 16:12:07.984 [32mINFO[0m Account Pre8AREmFPtoJFT8mQSXQLh56cwJmM7CFDRuoGBZiUP updated.
Sep 25 16:12:08.695 [32mINFO[0m Account PrekqLJvJ3qVdXmBGDiexvwUTF4rLFDa6HWS4HJbw9S updated.
Sep 25 16:12:09.352 [32mINFO[0m Account PreANxuXjsy2pvisWWMNB6YaJNzr7681wJJr2rHsfTh updated.
Sep 25 16:12:28.948 [32mINFO[0m Account 8d9szTd157GKCLcxBqiLUgB7mek3v65rbsy2ErRyjwQ5 updated.
Sep 25 16:12:28.949 [32mINFO[0m Account CmumsQAU6TvqW2VLFVySBjQYKqKDeUPMBVdrxJ2YoK1 updated.
Sep 25 16:12:28.950 [32mINFO[0m Account HDwcJBJXjL9FpJ7UBsYBtaDjsBUhuLCUYoz3zr8SWWaQ updated.
Sep 25 16:12:32.833 [32mINFO[0m Account BpYBHrtEr432TcXhDAJiK95M7wCHcweRrNDJRPwv4PXq updated.
Sep 25 16:12:32.833 [32mINFO[0m Account 96QrNCjmh32H9quY9DX4NEH81nECVsbkATBDZeoVbvLV updated.
Sep 25 16:12:32.834 [32mINFO[0m Account rec5EKMGg6MxZYaMdyBfgwp4d5rB9T1VQH5pJv5LtFJ updated.
Sep 25 16:12:32.834 [32mINFO[0m Account DaWUKXCyXsnzcvLUyeJRWou8KTn7XtadgTsdhJ6RHS7b updated.
Sep 25 16:12:42.673 [32mINFO[0m Account D5bT464BqpD9ZZougMxWKt6ErZzUS583kEkD9VzBkpxf updated.
Sep 25 16:12:46.783 [32mINFO[0m Account D8cy77BBepLMngZx6ZukaTff5hCt1HrWyKk3Hnd9oitf updated.
Sep 25 16:12:46.783 [32mINFO[0m Account 3J6kEW1H2cHRtLR7W6azgkoFCxbS8bkRVSth6Rmy2Cdv updated.
Sep 25 16:12:46.783 [32mINFO[0m Account 6Gi6cz3fsvtD4n7v2xNx3dY7JEQhRpjPQJjmQruEc3bP updated.
Sep 25 16:12:46.783 [32mINFO[0m Account EPjFWdd5AufqSSqeM2qN1xzybapC8G4wEGGkZwyTDt1v updated.
Sep 25 16:12:46.783 [32mINFO[0m Account 9v1o9K285AD3dctfzFNoa2MAyRj9Q2fcpdSrqCWQjKZb updated.
Sep 25 16:12:46.783 [32mINFO[0m Account PreweJYECqtQwBtpxHL171nL2K6umo692gTm7Q3rpgF updated.
Sep 25 16:12:46.783 [32mINFO[0m Account AntpWAd9rqm9MJ974fGDmrfHMywtJ7ajvjjUxi2w9pgy updated.
Sep 25 16:12:46.783 [32mINFO[0m Account PreweJYECqtQwBtpxHL171nL2K6umo692gTm7Q3rpgF updated.
Sep 25 16:12:46.783 [32mINFO[0m Account FuwH9eyEi9RApviaNqUhxZhEY6i455Ca2xQmNkjrfTU updated.
Sep 25 16:12:46.784 [32mINFO[0m Account 4Ec7ZxZS6Sbdg5UGSLHbAnM7GQHp2eFd4KYWRexAipQT updated.
Sep 25 16:12:46.786 [32mINFO[0m Account JUP6LkbZbjS1jKKwapdHNy74zcZ3tLUZoi5QNyVTaV4 updated.
Sep 25 16:12:46.787 [32mINFO[0m Account G92J4ZFggKZ9LbsQ2zBpajRvRto7ed7uRuJJqWsX4BhJ updated.
Sep 25 16:12:46.787 [32mINFO[0m Account MNFSTqtC93rEfYHB6hF82sKdZpUDFWkViLByLd1k1Ms updated.
Sep 25 16:12:47.158 [32mINFO[0m Account zB2vDMHatDhYdTPGG5a4h6CZrDR5ravWa1TwqE5eFdJ updated.
Sep 25 16:12:56.101 [32mINFO[0m Account Ahbb5vFM4e8DNqSrhMnYDUo9kbHvL5bVsM6RYX4LXtrJ updated.
Sep 25 16:12:56.101 [32mINFO[0m Account DHRm3NdeN4rMJc9mjiCW5o9bcsW1X565Z1VstsgiMEGG updated.
Sep 25 16:12:56.101 [32mINFO[0m Account E8TpeC1Gx8gAfhHxrdS7uoSTcTgS7w1C6J5gPfYYYf9X updated.
Sep 25 16:12:56.101 [32mINFO[0m Account 3MsJXVvievxAbsMsaT6TS4i6oMitD9jazucuq3X234tC updated.
Sep 25 16:12:56.101 [32mINFO[0m Account EPjFWdd5AufqSSqeM2qN1xzybapC8G4wEGGkZwyTDt1v updated.
Sep 25 16:12:56.101 [32mINFO[0m Account 6mK4Pxs6GhwnessH7CvPivqDYauiHZmAdbEFDpXFk9zt updated.
Sep 25 16:12:56.101 [32mINFO[0m Account So11111111111111111111111111111111111111112 updated.
Sep 25 16:12:56.101 [32mINFO[0m Account 6P4tvbzRY6Bh3MiWDHuLqyHywovsRwRpfskPvyeSoHsz updated.
Sep 25 16:12:56.101 [32mINFO[0m Account 8sLbNZoA1cfnvMJLPfp98ZLAnFSYCFApfJKMbiXNLwxj updated.
Sep 25 16:12:56.101 [32mINFO[0m Account DoPuiZfJu7sypqwR4eiU7C5TMcmmiFoU4HaF5SoD8mRy updated.
Sep 25 16:12:56.101 [32mINFO[0m Account 2HquchT1EsaAtZLUcE9rFovLDqszxEka94xThh7E7vFE updated.
Sep 25 16:12:56.102 [32mINFO[0m Account 61mmsZUgoFNuqzXDsRH9TV2U9zc5aL1H5pKKA2pogsCC updated.
Sep 25 16:12:56.102 [32mINFO[0m Account So11111111111111111111111111111111111111112 updated.
Sep 25 16:12:56.102 [32mINFO[0m Account 9QLobxLUYdmP4UJ6GJwMDHSroMDkpL7aEVhbqvnmZHd2 updated.
Sep 25 16:12:56.102 [32mINFO[0m Account Pren1FvFX6J3E4kXhJuCiAD5aDmGEb7qJRncwA8Lkhw updated.
Sep 25 16:12:56.102 [32mINFO[0m Account 9R3wgE4GGNDCk6PJLJuVbcdBzZPUBituUQGxUcJX2VVP updated.
Sep 25 16:12:56.102 [32mINFO[0m Account Pren1FvFX6J3E4kXhJuCiAD5aDmGEb7qJRncwA8Lkhw updated.
Sep 25 16:12:56.102 [32mINFO[0m Account GqV32FxMfyBCw8QGhSkGHkQxByGeC17Do7ZUVbetWNJH updated.
Sep 25 16:12:56.102 [32mINFO[0m Account 9iFER3bpjf1PTTCQCfTRu17EJgvsxo9pVyA9QWwEuX4x updated.
Sep 25 16:12:56.102 [32mINFO[0m Account HzD2cCXXT3UQNjMMY6kDv9w6gZ9qquSdfoGXrLL3LXx updated.
Sep 25 16:12:56.104 [32mINFO[0m Account CAMMCzo5YL8w4VFF8KVHrK22GGUsp5VTaW7grrKgrWqK updated.
Sep 25 16:12:56.761 [32mINFO[0m Account EwhVfL6x9bdFnt74jGCeSwBLyodNTFDrmfPA7LH7Yn3H updated.
Sep 25 16:12:56.762 [32mINFO[0m Account FVD1dDS8z1sY5c4KLni6fEFNAK4YzqNgfvAKtC2iJbqr updated.
Sep 25 16:13:00.602 [32mINFO[0m Account 8FkjFE4rGcpL3azMUx1bftGYisPEr5Y2fjzigzRhyt4F updated.
Sep 25 16:13:08.341 [32mINFO[0m Account PresTj4Yc2bAR197Er7wz4UUKSfqt6FryBEdAriBoQB updated.
Sep 25 16:13:08.341 [32mINFO[0m Account 7BrSXjkzup7uF5rJATnr8GWu7CyWqHqBS3rpqrig4uDd updated.
Sep 25 16:13:08.341 [32mINFO[0m Account EPjFWdd5AufqSSqeM2qN1xzybapC8G4wEGGkZwyTDt1v updated.
Sep 25 16:13:08.341 [32mINFO[0m Account 98MELLrzicYDpeStJidE6mVsuM8TtyxzTzLTEwcY7nDB updated.
Sep 25 16:13:08.341 [32mINFO[0m Account BeUdSsTVpjHuYpMa8Zu8cwtRf6bLbFjkk13z2sGnh25G updated.
Sep 25 16:13:08.916 [32mINFO[0m Account EYSfGKyC9WVSoVe7SHyyjrE4KBEkz7AxznFL2hSjjSGS updated.
Sep 25 16:13:17.628 [32mINFO[0m Account 9d7jv9HRwUtjqX8W2va6fDcbwMvpXLV7EDMfiUezZBEB updated.
Sep 25 16:13:20.528 [32mINFO[0m Account A4GaHvx2NAXFvXSuxy1KYNaKUFUzBoZjTPEUumZDWZ9b updated.
Sep 25 16:13:20.528 [32mINFO[0m Account EPjFWdd5AufqSSqeM2qN1xzybapC8G4wEGGkZwyTDt1v updated.
Sep 25 16:13:20.528 [32mINFO[0m Account ALfDjAtK82qj9L2zjLe1bH3JhH3vTQ11pZPydFL1AkgV updated.
Sep 25 16:13:20.528 [32mINFO[0m Account C5h3dSUsjsVN292gUimP9auX2qdvMJNrkVi5gR6thXma updated.
Sep 25 16:13:20.528 [32mINFO[0m Account PreZad18qfPtbxNpMtMuAuX2zVpvkEU8DnJx56faCWd updated.
Sep 25 16:13:20.528 [32mINFO[0m Account CfLC4dghcYotKZoo7ArRYixjbpRDnEuzxG6sZs5FLvzB updated.
Sep 25 16:13:20.528 [32mINFO[0m Account FpNECQmNmxSjY7urCDZbGcCEzZnjwfjMFCzwyYa51W4P updated.
Sep 25 16:13:20.528 [32mINFO[0m Account HvpDt29EdGcKkFMLkUgvAJDP5oDFLaYG4jnVZnRsHduM updated.
Sep 25 16:13:20.528 [32mINFO[0m Account A1BBtTYJd4i3xU8D6Tc2FzU6ZN4oXZWXKZnCxwbHXr8x updated.
Sep 25 16:13:21.180 [32mINFO[0m Account 8uA9AJc9bnJxK4TNiLtTARk4Hd6yaf47HMxPyGu53au2 updated.
Sep 25 16:13:30.513 [32mINFO[0m Account 8F4eevCvMQnSqKSumeku161Yyc4MZ1hdMdjNMdQnh9P6 updated.
Sep 25 16:13:30.513 [32mINFO[0m Account BwK23NuJcNmVLyCXpB2yEGLYmJJ4xtto6QBNCQuFiBpa updated.
Sep 25 16:13:30.513 [32mINFO[0m Account 25WZuwBUJ9juCGSHe5fmYeki2WHbWtnDFoe59bHkrz9G updated.
Sep 25 16:13:30.513 [32mINFO[0m Account EPjFWdd5AufqSSqeM2qN1xzybapC8G4wEGGkZwyTDt1v updated.
Sep 25 16:13:30.513 [32mINFO[0m Account 5qWkYyM3m2YFkW3rZHhBHZoZyGkEkuGaX9V9AFvgWprP updated.
Sep 25 16:13:30.513 [32mINFO[0m Account PreLWGkkeqG1s4HEfFZSy9moCrJ7btsHuUtfcCeoRua updated.
Sep 25 16:13:30.513 [32mINFO[0m Account 6KJvZdxcgv99AFsnn7eufHr4nAGgJqvPDsFyrzzcCwKQ updated.
Sep 25 16:13:30.513 [32mINFO[0m Account Ao6jpr2KaQLbnwzjEZ7SgSJ8ExotDQ2HJmn5eW87jMgV updated.
Sep 25 16:13:30.515 [32mINFO[0m Account HZcJwcJ2njPDxZtpPoKnF8v2w9QAx2rS7TdJPSRkbEhu updated.
Sep 25 16:13:30.520 [32mINFO[0m Account LBUZKhRxPF3XUpBCjp4YzTKgLccjZhTSDM9YuVaPwxo updated.
Sep 25 16:13:30.520 [32mINFO[0m Account D1ZN9Wj1fRSUQfCjhvnu1hqDMT7hzjzBBpi12nVniYD6 updated.
Sep 25 16:13:31.183 [32mINFO[0m Account ESEJ9PL47vgqL64WQhEeRPEnJkekqBY3dh4uFQj7XXC8 updated.
Sep 25 16:13:33.763 [32mINFO[0m Account CkrK4u85HQH73TaxiPZAbVgRhYt3XPCxrwXooRSwhnL2 updated.
Sep 25 16:13:41.117 [32mINFO[0m Account Pre8AREmFPtoJFT8mQSXQLh56cwJmM7CFDRuoGBZiUP updated.
Sep 25 16:13:41.117 [32mINFO[0m Account 9ZoCHV6ofFjBX2WP7vwXHbVpNa55ySrPPdMy7w5V4fyM updated.
Sep 25 16:13:41.117 [32mINFO[0m Account EPjFWdd5AufqSSqeM2qN1xzybapC8G4wEGGkZwyTDt1v updated.
Sep 25 16:13:41.117 [32mINFO[0m Account GjAapEA8AynNvnMR6wa3UJZNf9o9W4ECSBrsau14BJXd updated.
Sep 25 16:13:41.117 [32mINFO[0m Account J4PjSnFmW98CmwfNunEyLbAufmgYjGUJjcQmAVNx9ohF updated.
Sep 25 16:13:41.700 [32mINFO[0m Account 9CcpkF3nkDVEorV8RQWQEhSFVqSUGMAqvV6eZEmoho3Q updated.
Sep 25 16:13:48.977 [32mINFO[0m Account PrekqLJvJ3qVdXmBGDiexvwUTF4rLFDa6HWS4HJbw9S updated.
Sep 25 16:13:48.977 [32mINFO[0m Account 4GBJVcHyC3GEnhmBkT2AjkZCWCQKbLSrLMRkxoN6RvKT updated.
Sep 25 16:13:48.978 [32mINFO[0m Account EPjFWdd5AufqSSqeM2qN1xzybapC8G4wEGGkZwyTDt1v updated.
Sep 25 16:13:48.978 [32mINFO[0m Account 6UJEYakJdrBeyxW3N8ZDohtMxQmV7DMmwtMDEqts3NP8 updated.
Sep 25 16:13:48.978 [32mINFO[0m Account G3LHQoAb7Xa18RjMtCeSxa9KsS8B2qwM1ahCzN6iQEGy updated.
Sep 25 16:13:49.696 [32mINFO[0m Account 4ubkSah9wKoTfM7BzXh5GwzBiPU8V836UsVSkXCgnSDu updated.
Sep 25 16:14:54.124 [32mINFO[0m Account 6Gi6cz3fsvtD4n7v2xNx3dY7JEQhRpjPQJjmQruEc3bP will be reset
Sep 25 16:14:54.127 [32mINFO[0m Account FuwH9eyEi9RApviaNqUhxZhEY6i455Ca2xQmNkjrfTU will be reset
Sep 25 16:14:54.129 [32mINFO[0m Account 9v1o9K285AD3dctfzFNoa2MAyRj9Q2fcpdSrqCWQjKZb will be reset
Sep 25 16:14:54.131 [32mINFO[0m Account 3J6kEW1H2cHRtLR7W6azgkoFCxbS8bkRVSth6Rmy2Cdv will be reset
Sep 25 16:14:54.132 [32mINFO[0m Account AntpWAd9rqm9MJ974fGDmrfHMywtJ7ajvjjUxi2w9pgy will be reset
Sep 25 16:14:54.134 [32mINFO[0m Account BeUdSsTVpjHuYpMa8Zu8cwtRf6bLbFjkk13z2sGnh25G will be reset
Sep 25 16:14:54.136 [32mINFO[0m Account 7BrSXjkzup7uF5rJATnr8GWu7CyWqHqBS3rpqrig4uDd will be reset
Sep 25 16:14:54.138 [32mINFO[0m Account 98MELLrzicYDpeStJidE6mVsuM8TtyxzTzLTEwcY7nDB will be reset
Sep 25 16:14:54.140 [32mINFO[0m Account 4b5JUW7iTd1nutK2VoQgDew5D5NL3M9QbwNoTrJ2vgko will be reset
Sep 25 16:14:54.141 [32mINFO[0m Account 2R9TCnVDMUCqrdc9iqMxKDRuFhFkU5HKhZLR1uFRm9HR will be reset
Sep 25 16:14:54.144 [32mINFO[0m Account J4PjSnFmW98CmwfNunEyLbAufmgYjGUJjcQmAVNx9ohF will be reset
Sep 25 16:14:54.145 [32mINFO[0m Account 9ZoCHV6ofFjBX2WP7vwXHbVpNa55ySrPPdMy7w5V4fyM will be reset
Sep 25 16:14:54.147 [32mINFO[0m Account GjAapEA8AynNvnMR6wa3UJZNf9o9W4ECSBrsau14BJXd will be reset
Sep 25 16:14:54.149 [32mINFO[0m Account CB5YQ8XwueQDR5sMM9P5R927a9rYpNLbB4nLP3pvWLR8 will be reset
Sep 25 16:14:54.151 [32mINFO[0m Account 44hcCcZH9nLX53ZAsefSjgcngFqK4onESqeRizZm4RmV will be reset
Sep 25 16:14:54.153 [32mINFO[0m Account G3LHQoAb7Xa18RjMtCeSxa9KsS8B2qwM1ahCzN6iQEGy will be reset
Sep 25 16:14:54.155 [32mINFO[0m Account 4GBJVcHyC3GEnhmBkT2AjkZCWCQKbLSrLMRkxoN6RvKT will be reset
Sep 25 16:14:54.157 [32mINFO[0m Account 6UJEYakJdrBeyxW3N8ZDohtMxQmV7DMmwtMDEqts3NP8 will be reset
Sep 25 16:14:54.157 [32mINFO[0m Account H5MzmaZKUkVhZdCPFfkHT24XLSEKtW7XP14rm2icB7Wj will be reset
Sep 25 16:14:54.159 [32mINFO[0m Account 8dakLi3FRb1w1cgHVWQ8snd4xZw8dVKecNvQ8jH2LUup will be reset
Sep 25 16:14:59.226 [32mINFO[0m Account CeEX2ttmGAZPJQyaSVpmgZb11BTgbjBeHBjWe6oZpmmh updated.
Sep 25 16:15:06.760 [32mINFO[0m Account 3J6kEW1H2cHRtLR7W6azgkoFCxbS8bkRVSth6Rmy2Cdv updated.
Sep 25 16:15:06.760 [32mINFO[0m Account 6Gi6cz3fsvtD4n7v2xNx3dY7JEQhRpjPQJjmQruEc3bP updated.
Sep 25 16:15:06.760 [32mINFO[0m Account EPjFWdd5AufqSSqeM2qN1xzybapC8G4wEGGkZwyTDt1v updated.
Sep 25 16:15:06.760 [32mINFO[0m Account 9v1o9K285AD3dctfzFNoa2MAyRj9Q2fcpdSrqCWQjKZb updated.
Sep 25 16:15:06.760 [32mINFO[0m Account PreweJYECqtQwBtpxHL171nL2K6umo692gTm7Q3rpgF updated.
Sep 25 16:15:06.760 [32mINFO[0m Account AntpWAd9rqm9MJ974fGDmrfHMywtJ7ajvjjUxi2w9pgy updated.
Sep 25 16:15:06.760 [32mINFO[0m Account PreweJYECqtQwBtpxHL171nL2K6umo692gTm7Q3rpgF updated.
Sep 25 16:15:06.760 [32mINFO[0m Account FuwH9eyEi9RApviaNqUhxZhEY6i455Ca2xQmNkjrfTU updated.
Sep 25 16:15:14.837 [32mINFO[0m Account F1gPzbByEefP8BEEkf4nQKDB2FJsxgPNSCBZq7EEw51f updated.
Sep 25 16:15:17.995 [32mINFO[0m Account PresTj4Yc2bAR197Er7wz4UUKSfqt6FryBEdAriBoQB updated.
Sep 25 16:15:17.995 [32mINFO[0m Account 7BrSXjkzup7uF5rJATnr8GWu7CyWqHqBS3rpqrig4uDd updated.
Sep 25 16:15:17.995 [32mINFO[0m Account EPjFWdd5AufqSSqeM2qN1xzybapC8G4wEGGkZwyTDt1v updated.
Sep 25 16:15:17.995 [32mINFO[0m Account 98MELLrzicYDpeStJidE6mVsuM8TtyxzTzLTEwcY7nDB updated.
Sep 25 16:15:17.995 [32mINFO[0m Account BeUdSsTVpjHuYpMa8Zu8cwtRf6bLbFjkk13z2sGnh25G updated.
Sep 25 16:15:24.990 [32mINFO[0m Account Pre8AREmFPtoJFT8mQSXQLh56cwJmM7CFDRuoGBZiUP updated.
Sep 25 16:15:24.990 [32mINFO[0m Account 9ZoCHV6ofFjBX2WP7vwXHbVpNa55ySrPPdMy7w5V4fyM updated.
Sep 25 16:15:24.990 [32mINFO[0m Account EPjFWdd5AufqSSqeM2qN1xzybapC8G4wEGGkZwyTDt1v updated.
Sep 25 16:15:24.990 [32mINFO[0m Account GjAapEA8AynNvnMR6wa3UJZNf9o9W4ECSBrsau14BJXd updated.
Sep 25 16:15:24.990 [32mINFO[0m Account J4PjSnFmW98CmwfNunEyLbAufmgYjGUJjcQmAVNx9ohF updated.
Sep 25 16:15:30.355 [32mINFO[0m Account EDyYc8MMcZmx7UTbKYVdpSund1RAszytE8qfmcS69u59 updated.
Sep 25 16:15:32.562 [32mINFO[0m Account PrekqLJvJ3qVdXmBGDiexvwUTF4rLFDa6HWS4HJbw9S updated.
Sep 25 16:15:32.562 [32mINFO[0m Account 4GBJVcHyC3GEnhmBkT2AjkZCWCQKbLSrLMRkxoN6RvKT updated.
Sep 25 16:15:32.562 [32mINFO[0m Account EPjFWdd5AufqSSqeM2qN1xzybapC8G4wEGGkZwyTDt1v updated.
Sep 25 16:15:32.562 [32mINFO[0m Account 6UJEYakJdrBeyxW3N8ZDohtMxQmV7DMmwtMDEqts3NP8 updated.
Sep 25 16:15:32.562 [32mINFO[0m Account G3LHQoAb7Xa18RjMtCeSxa9KsS8B2qwM1ahCzN6iQEGy updated.
Sep 25 16:15:47.984 [32mINFO[0m Account 26EB6ZYzPrKbMk1AEuhmWyejXwtu7rnY3PfwqhAK5gV4 updated.
Sep 25 16:15:57.619 [32mINFO[0m Account Xs8S1uUs1zvS2p7iwtsG3b6fkhpvmwz4GYU3gWAmWHZ updated.
Sep 25 16:15:57.619 [32mINFO[0m Account 7C9TnmiBwD8fbpHmtsZYZV8hGFUzXFbeRJo2CPFwDBZx updated.
Sep 25 16:15:57.620 [32mINFO[0m Account 9Bc7tyaZftQfXrEPmWxSLt7sHQMfgj65qSqQoQPBxnUN updated.
Sep 25 16:15:57.620 [32mINFO[0m Account EPjFWdd5AufqSSqeM2qN1xzybapC8G4wEGGkZwyTDt1v updated.
Sep 25 16:15:57.620 [32mINFO[0m Account FoHtzR1wcb7TULWmWKrj45U3zhNhveDcbfi8bvkeeEuE updated.
Sep 25 16:15:57.620 [32mINFO[0m Account 4RhNxb6VAhj9EMsnmyxz8giXsuaMcnjCUKxPtUvhBeRu updated.
Sep 25 16:15:57.621 [32mINFO[0m Account riptK81hDxhe5pW5jSzSM9iRA8azgEgLJ4dXkPtBS7j updated.
Sep 25 16:15:58.326 [32mINFO[0m Account 6pP2YtNPfvDh1SSuZQ9gpmn4W8t243TP9aeXWmgv3Sx8 updated.
Sep 25 16:15:58.468 [31mERROR[0m Failed to process transaction: Internal error: "Failed to fetch accounts from remote: error sending request for url (https://api.mainnet-beta.solana.com/)"
Sep 25 16:16:01.860 [32mINFO[0m Account BF9sb3gGt2dk6ZNbjoHFYiG3ymZBcuWtaD5HmDnnNhVZ updated.
Sep 25 16:16:10.036 [32mINFO[0m Account 2S4XaujpB3ipHy6fyUpgUyCUbkoH7jR9MQSgz4GsRM9S updated.
Sep 25 16:16:10.036 [32mINFO[0m Account 7TQfMXE7Ub2ytgy2VNw9NCj4pAUzZ3vtco2N6ZnAJzyx updated.
Sep 25 16:16:10.036 [32mINFO[0m Account FAEDyA1tMAH8HckEGq19od4epoPFHknCXdYTWknrxksg updated.
Sep 25 16:16:10.036 [32mINFO[0m Account XsDoVfqeBukxuZHWhdvWHBhgEHjGNst4MLodqsJHzoB updated.
Sep 25 16:16:10.036 [32mINFO[0m Account 2x2ZZnao9FwvHi6AabUuwCeqK1P2zRLddoMgz5q8Dm6F updated.
Sep 25 16:16:10.036 [32mINFO[0m Account EPjFWdd5AufqSSqeM2qN1xzybapC8G4wEGGkZwyTDt1v updated.
Sep 25 16:16:10.036 [32mINFO[0m Account CKUd5BRCYSmixBVfFGHN23XTvP28gLcquzVZDc4gWTeR updated.
Sep 25 16:16:10.036 [32mINFO[0m Account HxNaPy1oYA8xkyg2GSSzcF3VwEX5bH6Mo6BLLAHF3Ack updated.
Sep 25 16:16:10.036 [32mINFO[0m Account EPjFWdd5AufqSSqeM2qN1xzybapC8G4wEGGkZwyTDt1v updated.
Sep 25 16:16:10.036 [32mINFO[0m Account 2NfTohqtneNa5bphKGw1MZNKdyAbV4B7mZDwtkxnYPhN updated.
Sep 25 16:16:10.036 [32mINFO[0m Account XsDoVfqeBukxuZHWhdvWHBhgEHjGNst4MLodqsJHzoB updated.
Sep 25 16:16:10.036 [32mINFO[0m Account 7AmJBD4kP72fY7xTncNgy1kPVp5TzsYs34zzUeotqbbe updated.
Sep 25 16:16:10.036 [32mINFO[0m Account 9p7abUFv31ycgu9kckvnoqMMvBy67dqTDM2m6HP9xokN updated.
Sep 25 16:16:10.036 [32mINFO[0m Account Bv7YA2TueDjr9zXJfendT4eqZXNUEPBzVUi2J8YgDp1G updated.
Sep 25 16:16:10.044 [32mINFO[0m Account CtXfPzz36dH5Ws4UYKZvrQ1Xqzn42ecDW6y8NKuiN8nD updated.
Sep 25 16:16:10.047 [32mINFO[0m Account whirLbMiicVdio4qvUfM5KAg6Ct8VwpYzGff3uctyCc updated.
Sep 25 16:16:10.718 [32mINFO[0m Account ACgG3JSPrcqReHExNa1YdJvYAMTuL5ffEjGkR9KaWeW4 updated.
Sep 25 16:16:10.718 [32mINFO[0m Account E28CeoRY3g4RJcHN7LFPMvzCzUSp8Yg6nCFRUJSYkLES updated.
Sep 25 16:17:19.401 [32mINFO[0m Account 5cfVoAyy9TAvv1Qtdu137jjwGk1tWtkinabdzahVXZ4u updated.
Sep 25 16:17:27.662 [32mINFO[0m Account 4dsY6GtmW2GmPPNEMZfwS1pUx4f1F5bwB1MDfkc9Ca8r updated.
Sep 25 16:17:27.662 [32mINFO[0m Account So11111111111111111111111111111111111111112 updated.
Sep 25 16:17:27.662 [32mINFO[0m Account 4eUSCLYqj4jDUN2k8rP6ueJB5YjMBc7cJhFyoyyUeny4 updated.
Sep 25 16:17:27.662 [32mINFO[0m Account 75nvApW4PYwsi3tKmpLiqdWSJ6ccapxYv2oDzeSwqYuf updated.
Sep 25 16:17:27.662 [32mINFO[0m Account 8Z9m9PzPSMJymPHY7Rsbye4QCJHzxTrban5kcgujc6bw updated.
Sep 25 16:17:27.662 [32mINFO[0m Account Xs8S1uUs1zvS2p7iwtsG3b6fkhpvmwz4GYU3gWAmWHZ updated.
Sep 25 16:17:27.662 [32mINFO[0m Account DAAEjDGHnz1p2TM1tQMhCm94JvCJzJV2Q8jhTND8Tnu updated.
Sep 25 16:17:27.662 [32mINFO[0m Account F9H8PuH2as1ZsVRKNiZxyjG96vG8wqwxWLQXUFTogsrX updated.
Sep 25 16:17:27.662 [32mINFO[0m Account FdnLC3RfZGRwsh1cEiJbFsqvEEMy8emin1YFN3DumnPo updated.
Sep 25 16:17:27.662 [32mINFO[0m Account So11111111111111111111111111111111111111112 updated.
Sep 25 16:17:27.662 [32mINFO[0m Account 44X92BsHwLxrLm7mxPws7axfqEUViscA3qXex3g988qQ updated.
Sep 25 16:17:27.662 [32mINFO[0m Account EPjFWdd5AufqSSqeM2qN1xzybapC8G4wEGGkZwyTDt1v updated.
Sep 25 16:17:27.662 [32mINFO[0m Account 784tzUM1PzWBC7cGfsPpFDGrPypgCisV85LQAmiz95AN updated.
Sep 25 16:17:27.662 [32mINFO[0m Account F3ds62W3NNEBQrwi2ZFy2vX3xu5fxL6f7VMtRdmKjoCv updated.
Sep 25 16:17:27.662 [32mINFO[0m Account 3arz4MHPGRFLxsd595niWSwYcRPdWPZrUhGTKXLGMrQe updated.
Sep 25 16:17:27.663 [32mINFO[0m Account FLUX6xBayGxLX9UcimVRxXFMHH6q43mAbRvDzSpCsvfK updated.
Sep 25 16:17:28.407 [32mINFO[0m Account AEdt3JmvGD1YNnxe311z9UMuq48BSifCtEYdEiMzokBh updated.
Sep 25 16:17:28.407 [32mINFO[0m Account Hu5cMUbiMKS39q8Xjhxx2Rqx7fThUBHAH3rKVnBMaaby updated.
Sep 25 16:17:35.008 [32mINFO[0m Account DSExESMY6PtgmwVzpjr133P3SMD57JadSSMjcoQXKvUZ updated.
Sep 25 16:17:48.790 [32mINFO[0m Account 5pV84j6MtRnXh92T4m388s7MvoqqpPj18vXkpsaGKMJi updated.
Sep 25 16:18:07.288 [32mINFO[0m Account Bw16GZKEBDpA3C3oekHfrTHT8qCSu6hfkD93dFEzwMCM updated.
Sep 25 16:18:17.416 [32mINFO[0m Account 5163SrbBvsKPQz86yfSGXLnPqu83X6bAQD1Gy7AA4n3 updated.
Sep 25 16:18:17.416 [32mINFO[0m Account 5HrX1UJLHQEBy3r5MTFNqEEw5sdQ3Fq4Sjq1JCmFgYWA updated.
Sep 25 16:18:17.416 [32mINFO[0m Account 8Wk2L1yDovBJifCN1o86X7g7pDcqLau39m6tEsJ9Sheh updated.
Sep 25 16:18:17.417 [32mINFO[0m Account 9zeBhQkMGmvko7CyPcYg3TUmfneES329dTYtMGs3wx6j updated.
Sep 25 16:18:17.417 [32mINFO[0m Account So11111111111111111111111111111111111111112 updated.
Sep 25 16:18:17.417 [32mINFO[0m Account CJ1fhvsz9FwFM54JyXpNvAj6dvxtiRQjMhYmG1aQVVX8 updated.
Sep 25 16:18:17.417 [32mINFO[0m Account DUSwtK7JwPbCbRpUmKZsDmuaZasGVnvX5VJpgR8yHKKY updated.
Sep 25 16:18:17.417 [32mINFO[0m Account EPjFWdd5AufqSSqeM2qN1xzybapC8G4wEGGkZwyTDt1v updated.
Sep 25 16:18:17.418 [32mINFO[0m Account EPUHjseXG3izk3MVUJ1PcyWT9xeBhtAnq8gUpq3j8Uni updated.
Sep 25 16:18:17.418 [32mINFO[0m Account HfJ9RgUGSrcsx1ctERFUUkHaMeeNr4a6vB7QQDFBKFwJ updated.
Sep 25 16:18:17.419 [32mINFO[0m Account 6DCXx7tbchQXv7WUgQ1u9STwPciWnwgyWU6DQitnLhh updated.
Sep 25 16:18:17.423 [32mINFO[0m Account DRVSpZ2YUYYKgZP8XtLhAGtT1zYSCKzeHfb4DgRnrgqD updated.
Sep 25 16:18:18.144 [32mINFO[0m Account j2VUW8UGtzuLq8b3vjZTDbk1Fs6FSV19UrsLZqc1Vyi updated.
Sep 25 16:18:21.919 [32mINFO[0m Account 7ys5LtS4YwpVxGmjSdSo4swhmqiaeM2kcWeuSrRpUg62 updated.
Sep 25 16:18:35.244 [32mINFO[0m Account 52YvJ7DW68pigefJtQKHg7cFWSphBBuAe8jYzyW9U6ye updated.
Sep 25 16:18:35.244 [32mINFO[0m Account PreZad18qfPtbxNpMtMuAuX2zVpvkEU8DnJx56faCWd updated.
Sep 25 16:18:35.244 [32mINFO[0m Account 6ewsbp4KkCqCfwgoDmraof9EpTxmfmoSf3GSJVsdMtwd updated.
Sep 25 16:18:35.244 [32mINFO[0m Account EPjFWdd5AufqSSqeM2qN1xzybapC8G4wEGGkZwyTDt1v updated.
Sep 25 16:18:35.244 [32mINFO[0m Account 6GWH4fmgN6uf7793sLPZMVM5CMM1hdwrfxZXw6MvJQEc updated.
Sep 25 16:18:35.244 [32mINFO[0m Account 83vhMNsi1uSWA5BfeA229c1iPGD47qUZTeZhvbDxqjGn updated.
Sep 25 16:18:35.244 [32mINFO[0m Account Bvrmy5QxT2SzTvsgLzmjNq37GbJm3v2NomCkHU3wThDB updated.
Sep 25 16:18:35.244 [32mINFO[0m Account EPjFWdd5AufqSSqeM2qN1xzybapC8G4wEGGkZwyTDt1v updated.
Sep 25 16:18:35.244 [32mINFO[0m Account HN7VgAEY1VVD2PTUZ8jQV6c84SL1xwGgAAKSU6vRAXvo updated.
Sep 25 16:18:35.244 [32mINFO[0m Account 63sGvdACSA2Kvf4yr7n7SFEJ9V1yAVVyyduPU3br8Lyt updated.
Sep 25 16:18:35.244 [32mINFO[0m Account 6bPp8Wy6mPj1snKNTeSrb9wmdn8b2QVC4HUz1GVSwkbA updated.
Sep 25 16:18:35.244 [32mINFO[0m Account DbikM32staSRcDqU5aGacjeBMLeuX8i4fQyJPFJC4DYU updated.
Sep 25 16:18:35.245 [32mINFO[0m Account HADRoNbLovyqhCsocfYQYB7QdfCAAinN9HTePvBCVDQ8 updated.
Sep 25 16:18:35.245 [32mINFO[0m Account W2HHjAm67DiQhC5b8tWNsaf2VJ2ax52j7FEYMJjzbrq updated.
Sep 25 16:18:35.835 [32mINFO[0m Account GBvUE7WCXT3UYEuctpqF2K18vsmhHGfXZ8Ae2qPxiEjp updated.
Sep 25 16:18:38.798 [32mINFO[0m Account 464dScZC4dDUPzRGKddCif4tTMzFbNJiqF5beYzgADB8 updated.
Sep 25 16:18:53.063 [32mINFO[0m Account 9N4PnDe2emNecQSTBVfedvYVZeizmtHqmV2SAASW58s8 updated.
Sep 25 16:18:56.393 [32mINFO[0m Account HngzzoNqjjmPL8Jiet46rx1jd25ruFuNqSV2ttW53yWJ updated.
Sep 25 16:18:56.393 [32mINFO[0m Account 2WBridB22mfFfimA73bANFdoxWuVh1QctRwSUzK8UoqG updated.
Sep 25 16:18:56.393 [32mINFO[0m Account Pre8AREmFPtoJFT8mQSXQLh56cwJmM7CFDRuoGBZiUP updated.
Sep 25 16:18:56.393 [32mINFO[0m Account AWutkE7Kdd3csrhDHLx2pdf2qgKukBi2ehkpgHjpVNTZ updated.
Sep 25 16:18:56.393 [32mINFO[0m Account EEkVx3wibBK6m5Fc9VaUTfr32Xwwopv9n7PrvS4Qp9eb updated.
Sep 25 16:18:56.393 [32mINFO[0m Account EPjFWdd5AufqSSqeM2qN1xzybapC8G4wEGGkZwyTDt1v updated.
Sep 25 16:18:56.393 [32mINFO[0m Account F8nR5WbG6xzUX9BCX2wptf6txJVdS8HaD3N1NnrHonuZ updated.
Sep 25 16:18:56.393 [32mINFO[0m Account GwugErGCyD19sGFa3DM21buyvo4KegNyLout8BwU6C7M updated.
Sep 25 16:18:57.258 [32mINFO[0m Account 23o5c4ZtY6vkJmRKDHfkTDCWTMpfVgqbmZpKgj5q4ZdC updated.
Sep 25 16:20:04.897 [32mINFO[0m Account 6Gi6cz3fsvtD4n7v2xNx3dY7JEQhRpjPQJjmQruEc3bP will be reset
Sep 25 16:20:04.898 [32mINFO[0m Account FuwH9eyEi9RApviaNqUhxZhEY6i455Ca2xQmNkjrfTU will be reset
Sep 25 16:20:04.901 [32mINFO[0m Account 9v1o9K285AD3dctfzFNoa2MAyRj9Q2fcpdSrqCWQjKZb will be reset
Sep 25 16:20:04.903 [32mINFO[0m Account 3J6kEW1H2cHRtLR7W6azgkoFCxbS8bkRVSth6Rmy2Cdv will be reset
Sep 25 16:20:04.905 [32mINFO[0m Account AntpWAd9rqm9MJ974fGDmrfHMywtJ7ajvjjUxi2w9pgy will be reset
Sep 25 16:20:04.908 [32mINFO[0m Account BeUdSsTVpjHuYpMa8Zu8cwtRf6bLbFjkk13z2sGnh25G will be reset
Sep 25 16:20:04.909 [32mINFO[0m Account 7BrSXjkzup7uF5rJATnr8GWu7CyWqHqBS3rpqrig4uDd will be reset
Sep 25 16:20:04.911 [32mINFO[0m Account 98MELLrzicYDpeStJidE6mVsuM8TtyxzTzLTEwcY7nDB will be reset
Sep 25 16:20:04.912 [32mINFO[0m Account 4b5JUW7iTd1nutK2VoQgDew5D5NL3M9QbwNoTrJ2vgko will be reset
Sep 25 16:20:04.914 [32mINFO[0m Account 2R9TCnVDMUCqrdc9iqMxKDRuFhFkU5HKhZLR1uFRm9HR will be reset
Sep 25 16:20:04.915 [32mINFO[0m Account J4PjSnFmW98CmwfNunEyLbAufmgYjGUJjcQmAVNx9ohF will be reset
Sep 25 16:20:04.916 [32mINFO[0m Account 9ZoCHV6ofFjBX2WP7vwXHbVpNa55ySrPPdMy7w5V4fyM will be reset
Sep 25 16:20:04.919 [32mINFO[0m Account GjAapEA8AynNvnMR6wa3UJZNf9o9W4ECSBrsau14BJXd will be reset
Sep 25 16:20:04.920 [32mINFO[0m Account CB5YQ8XwueQDR5sMM9P5R927a9rYpNLbB4nLP3pvWLR8 will be reset
Sep 25 16:20:04.923 [32mINFO[0m Account 44hcCcZH9nLX53ZAsefSjgcngFqK4onESqeRizZm4RmV will be reset
Sep 25 16:20:04.925 [32mINFO[0m Account EEkVx3wibBK6m5Fc9VaUTfr32Xwwopv9n7PrvS4Qp9eb will be reset
Sep 25 16:20:04.927 [32mINFO[0m Account LBUZKhRxPF3XUpBCjp4YzTKgLccjZhTSDM9YuVaPwxo will be reset
Sep 25 16:20:04.929 [32mINFO[0m Account AWutkE7Kdd3csrhDHLx2pdf2qgKukBi2ehkpgHjpVNTZ will be reset
Sep 25 16:20:04.931 [32mINFO[0m Account F8nR5WbG6xzUX9BCX2wptf6txJVdS8HaD3N1NnrHonuZ will be reset
Sep 25 16:20:04.933 [32mINFO[0m Account GwugErGCyD19sGFa3DM21buyvo4KegNyLout8BwU6C7M will be reset
Sep 25 16:20:04.936 [32mINFO[0m Account 2WBridB22mfFfimA73bANFdoxWuVh1QctRwSUzK8UoqG will be reset
Sep 25 16:20:04.937 [32mINFO[0m Account HngzzoNqjjmPL8Jiet46rx1jd25ruFuNqSV2ttW53yWJ will be reset
Sep 25 16:20:08.135 [32mINFO[0m Account tNthMkNdgLePc5d1ntYvpf6F28R36upHC3bxLrf5Lni updated.
Sep 25 16:20:16.969 [32mINFO[0m Account 3J6kEW1H2cHRtLR7W6azgkoFCxbS8bkRVSth6Rmy2Cdv updated.
Sep 25 16:20:16.969 [32mINFO[0m Account 6Gi6cz3fsvtD4n7v2xNx3dY7JEQhRpjPQJjmQruEc3bP updated.
Sep 25 16:20:16.969 [32mINFO[0m Account EPjFWdd5AufqSSqeM2qN1xzybapC8G4wEGGkZwyTDt1v updated.
Sep 25 16:20:16.969 [32mINFO[0m Account 9v1o9K285AD3dctfzFNoa2MAyRj9Q2fcpdSrqCWQjKZb updated.
Sep 25 16:20:16.969 [32mINFO[0m Account PreweJYECqtQwBtpxHL171nL2K6umo692gTm7Q3rpgF updated.
Sep 25 16:20:16.969 [32mINFO[0m Account AntpWAd9rqm9MJ974fGDmrfHMywtJ7ajvjjUxi2w9pgy updated.
Sep 25 16:20:16.969 [32mINFO[0m Account PreweJYECqtQwBtpxHL171nL2K6umo692gTm7Q3rpgF updated.
Sep 25 16:20:16.969 [32mINFO[0m Account FuwH9eyEi9RApviaNqUhxZhEY6i455Ca2xQmNkjrfTU updated.
Sep 25 16:20:25.952 [32mINFO[0m Account ATTU7Y32gvHDwfEUr6dPUw9pDRZmUrA8MAhNQoSP7oH9 updated.
Sep 25 16:20:28.143 [32mINFO[0m Account PresTj4Yc2bAR197Er7wz4UUKSfqt6FryBEdAriBoQB updated.
Sep 25 16:20:28.143 [32mINFO[0m Account 7BrSXjkzup7uF5rJATnr8GWu7CyWqHqBS3rpqrig4uDd updated.
Sep 25 16:20:28.143 [32mINFO[0m Account EPjFWdd5AufqSSqeM2qN1xzybapC8G4wEGGkZwyTDt1v updated.
Sep 25 16:20:28.143 [32mINFO[0m Account 98MELLrzicYDpeStJidE6mVsuM8TtyxzTzLTEwcY7nDB updated.
Sep 25 16:20:28.143 [32mINFO[0m Account BeUdSsTVpjHuYpMa8Zu8cwtRf6bLbFjkk13z2sGnh25G updated.
Sep 25 16:20:35.362 [32mINFO[0m Account HngzzoNqjjmPL8Jiet46rx1jd25ruFuNqSV2ttW53yWJ updated.
Sep 25 16:20:35.362 [32mINFO[0m Account 2WBridB22mfFfimA73bANFdoxWuVh1QctRwSUzK8UoqG updated.
Sep 25 16:20:35.362 [32mINFO[0m Account Pre8AREmFPtoJFT8mQSXQLh56cwJmM7CFDRuoGBZiUP updated.
Sep 25 16:20:35.362 [32mINFO[0m Account AWutkE7Kdd3csrhDHLx2pdf2qgKukBi2ehkpgHjpVNTZ updated.
Sep 25 16:20:35.362 [32mINFO[0m Account EEkVx3wibBK6m5Fc9VaUTfr32Xwwopv9n7PrvS4Qp9eb updated.
Sep 25 16:20:35.362 [32mINFO[0m Account EPjFWdd5AufqSSqeM2qN1xzybapC8G4wEGGkZwyTDt1v updated.
Sep 25 16:20:35.362 [32mINFO[0m Account F8nR5WbG6xzUX9BCX2wptf6txJVdS8HaD3N1NnrHonuZ updated.
Sep 25 16:20:35.362 [32mINFO[0m Account GwugErGCyD19sGFa3DM21buyvo4KegNyLout8BwU6C7M updated.
Sep 25 16:20:35.362 [32mINFO[0m Account Pre8AREmFPtoJFT8mQSXQLh56cwJmM7CFDRuoGBZiUP updated.
Sep 25 16:20:35.362 [32mINFO[0m Account 9ZoCHV6ofFjBX2WP7vwXHbVpNa55ySrPPdMy7w5V4fyM updated.
Sep 25 16:20:35.362 [32mINFO[0m Account EPjFWdd5AufqSSqeM2qN1xzybapC8G4wEGGkZwyTDt1v updated.
Sep 25 16:20:35.362 [32mINFO[0m Account GjAapEA8AynNvnMR6wa3UJZNf9o9W4ECSBrsau14BJXd updated.
Sep 25 16:20:35.362 [32mINFO[0m Account J4PjSnFmW98CmwfNunEyLbAufmgYjGUJjcQmAVNx9ohF updated.
Sep 25 16:20:35.363 [32mINFO[0m Account HZcJwcJ2njPDxZtpPoKnF8v2w9QAx2rS7TdJPSRkbEhu updated.
Sep 25 16:20:35.365 [32mINFO[0m Account LBUZKhRxPF3XUpBCjp4YzTKgLccjZhTSDM9YuVaPwxo updated.
Sep 25 16:20:50.373 [32mINFO[0m Account 2wHScHW2wveY8oJZYPkv2znVczWerJ1YWJQ4HMRWZAfC updated.
Sep 25 16:21:08.847 [32mINFO[0m Account 65es8TbWUE2Wz1a4hbyEDuGqWiF51ngxLCU1PebCUThF updated.
Sep 25 16:21:08.847 [32mINFO[0m Account ER2UcZY2RtMMwLgX7bCEaLLFBqpTuSwHPYBiqcEWFVTD updated.
Sep 25 16:21:08.847 [32mINFO[0m Account EuW4GTXjRZqCE1RvKJXA246zSfeB7xf3eNAdPGV1qsvq updated.
Sep 25 16:21:08.847 [32mINFO[0m Account EPjFWdd5AufqSSqeM2qN1xzybapC8G4wEGGkZwyTDt1v updated.
Sep 25 16:21:08.847 [32mINFO[0m Account 6J5J1sp6oKFDaupAVYC1Ycgqu9VLud9GhBsYySNafXge updated.
Sep 25 16:21:08.847 [32mINFO[0m Account B5LUcfgRiwzR4wfZuij8SHTmBbxu1c8dG1Mw8z5Uw4i updated.
Sep 25 16:21:08.847 [32mINFO[0m Account B5oboavCsZbz2b11aULmAZNdczPwnqCtefjjxmUvkgVP updated.
Sep 25 16:21:08.847 [32mINFO[0m Account Xs8S1uUs1zvS2p7iwtsG3b6fkhpvmwz4GYU3gWAmWHZ updated.
Sep 25 16:21:08.847 [32mINFO[0m Account CrMaYhN2YpZP5TTzx4tgc6gGhUPq9gqn6yH134SisXGC updated.
Sep 25 16:21:08.847 [32mINFO[0m Account EibwWLHyuFeqgU6fvi6g5FtDLF9kQsQL5HQXvcJNkDN8 updated.
Sep 25 16:21:09.417 [32mINFO[0m Account FHjft6JKNjoUmMGPWBBTpzgdUbxxUgdDnREHwB4fp3Wq updated.
Sep 25 16:21:14.164 [32mINFO[0m Account 98sTPe4Z72C8NgXrkjwNB7cs9GVM5QfeDcudNNF1kG9c updated.
Sep 25 16:21:14.164 [32mINFO[0m Account AK3yAkExaHD6MzjomtuWHpWHDsD97v5AuNES8PjcmihV updated.
Sep 25 16:21:14.164 [32mINFO[0m Account BugkaoGEb1BJeQWXXfg5uo7sBsZhZXu6K8kimE4FRdTq updated.
Sep 25 16:21:14.164 [32mINFO[0m Account BurHtB44sfdvLU6jNqgGAKZoLArc4ib9Qj6jVe6XUABB updated.
Sep 25 16:21:14.164 [32mINFO[0m Account Dgsscc4wQqfnEsrGDM2tbgZAjCwoT5hPeHPZrhB6KBY3 updated.
Sep 25 16:21:14.164 [32mINFO[0m Account F1YUvkt8V2LPn5QQHLbF2AnbHjwEERSADeX4ysycxGVv updated.
Sep 25 16:21:14.164 [32mINFO[0m Account 83v8iPyZihDEjDdY8RdZddyZNyUtXngz69Lgo9Kt5d6d updated.
Sep 25 16:21:14.164 [32mINFO[0m Account So11111111111111111111111111111111111111112 updated.
Sep 25 16:21:14.164 [32mINFO[0m Account D3CDPQLoa9jY1LXCkpUqd3JQDWz8DX1LDE1dhmJt9fq4 updated.
Sep 25 16:21:14.164 [32mINFO[0m Account EPjFWdd5AufqSSqeM2qN1xzybapC8G4wEGGkZwyTDt1v updated.
Sep 25 16:21:14.164 [32mINFO[0m Account dwxR9YF7WwnJJu7bPC4UNcWFpcSsooH6fxbpoa3fTbJ updated.
Sep 25 16:21:14.164 [32mINFO[0m Account So11111111111111111111111111111111111111112 updated.
Sep 25 16:21:14.164 [32mINFO[0m Account 14G7h1eQvqLi1MDzTGkdoFKScm3uwZriCHbWsJGwWABP updated.
Sep 25 16:21:14.164 [32mINFO[0m Account Xs8S1uUs1zvS2p7iwtsG3b6fkhpvmwz4GYU3gWAmWHZ updated.
Sep 25 16:21:14.164 [32mINFO[0m Account 7eGu6mA7k1ZNfUshA75j4grqhDjSdahVsfPCMNiPKHm3 updated.
Sep 25 16:21:14.164 [32mINFO[0m Account 7fiik4VxFppoVDVF1XJg6pGhtYsDFs1Ho5PnjVSTjULc updated.
Sep 25 16:21:14.164 [32mINFO[0m Account B6FEtQdwsq8Wuw4G52pW9WEWEA7ALGfyUgXDRKigDSHH updated.
Sep 25 16:21:14.164 [32mINFO[0m Account Bq4np1P9to969ZyQy5zeAfcaRVL7eKfmxAHZJPpRkL8p updated.
Sep 25 16:21:14.164 [32mINFO[0m Account GwRSc3EPw2fCLJN7zWwcApXgHSrfmj9m4H5sfk1W2SUJ updated.
Sep 25 16:21:14.164 [32mINFO[0m Account E64NGkDLLCdQ2yFNPcavaKptrEgmiQaNykUuLC1Qgwyp updated.
Sep 25 16:21:14.814 [32mINFO[0m Account 9AsimPML6N36BAe8keQRAHpLuKgCKv9QJV9912TXZhBD updated.
Sep 25 16:21:14.814 [32mINFO[0m Account AuZDixARAQRSiNA76tk1Kd3eNdrfSRQWfCU31v7NmgMT updated.
Sep 25 16:21:18.855 [32mINFO[0m Account Az5aeq3JTHujNok9ZPcFAaAMoJqJgTk9PH16BLjm3BBN updated.
Sep 25 16:21:25.102 [32mINFO[0m Account 2Uk4htzMV7dTv3uVhMQPfkCirBFt2Bkd1YaejxwqErue updated.
Sep 25 16:21:25.102 [32mINFO[0m Account 3bJvio2KBVUYTEHuShwM5Fj97Bexx42NCk1RG5XGyvct updated.
Sep 25 16:21:25.102 [32mINFO[0m Account 5QiKDT5SFTfJyvCCEUwqfaCxULYGk4SuoFiYLRL5SZXu updated.
Sep 25 16:21:25.102 [32mINFO[0m Account EPjFWdd5AufqSSqeM2qN1xzybapC8G4wEGGkZwyTDt1v updated.
Sep 25 16:21:25.102 [32mINFO[0m Account 3bWPj5eepJm8CxUzk5MMFMN2CFJkntxKvbmy4zwwtpJd updated.
Sep 25 16:21:25.102 [32mINFO[0m Account 72jQFwjd14BEhyDfdQsH7D2hS5dN1H6bzsikjkyHyx2D updated.
Sep 25 16:21:25.102 [32mINFO[0m Account AA5RaVvyGyZgtmAsJJHT5ZVBxVPtAXuYaMwfgeFJW4Mk updated.
Sep 25 16:21:25.102 [32mINFO[0m Account CYbD9RaToYMtWKA7QZyoLahnHdWq553Vm62Lh6qWtuxq updated.
Sep 25 16:21:25.102 [32mINFO[0m Account So11111111111111111111111111111111111111112 updated.
Sep 25 16:21:25.103 [32mINFO[0m Account GviiXg2Xc1xCpyNY36r7h1EAy7uvse5UMkiiyHjRDU6Z updated.
Sep 25 16:21:25.103 [32mINFO[0m Account EdPxg8QaeFSrTYqdWJn6Kezwy9McWncTYueD9eMGCuzR updated.
Sep 25 16:21:25.848 [32mINFO[0m Account BDqppwFYeMpUicN9xbfoM7FgRnHVW1uTUtrGA7uG2vQg updated.
Sep 25 16:21:31.064 [32mINFO[0m Account CCLqFoeDwcVkZZrLteurzmPaNFf5itxris3iShWDd6qa updated.
Sep 25 16:21:31.065 [32mINFO[0m Account 2JUpEKcYkSytu3aWk7QzohPNX2hY8shEakEcmn3SgXFD updated.
Sep 25 16:21:31.065 [32mINFO[0m Account 3ZgvyHdCBA1VHisSLYp6zTaSzLp5kdgxzGvixGjRPEsr updated.
Sep 25 16:21:31.065 [32mINFO[0m Account EPjFWdd5AufqSSqeM2qN1xzybapC8G4wEGGkZwyTDt1v updated.
Sep 25 16:21:31.065 [32mINFO[0m Account 8LWu6BCSaPrq5F593cDyCUhTyRt1ScGygeejbWjx1QHQ updated.
Sep 25 16:21:31.065 [32mINFO[0m Account Gy5ktJbDdBCariodLDTqgasS4bvfE87sodSYijq95gNs updated.
Sep 25 16:21:31.065 [32mINFO[0m Account XsDoVfqeBukxuZHWhdvWHBhgEHjGNst4MLodqsJHzoB updated.
Sep 25 16:21:31.065 [32mINFO[0m Account HY2fBTBYWbNbc6ihP3dJDwhA75YEkP7ZMPtQ8dzNeBNB updated.
Sep 25 16:21:31.065 [32mINFO[0m Account 9rrh2c8w15HExZnLFzcEgkvHg846TBBFEPUuFG7RMGmm updated.
Sep 25 16:21:31.065 [32mINFO[0m Account 66S4Bs8HVyaPdQ5JGfKixEZMf5CczcfnLGgGYEKnvi3Z updated.
Sep 25 16:21:31.067 [32mINFO[0m Account HpNfyc2Saw7RKkQd8nEL4khUcuPhQ7WwY1B2qjx8jxFq updated.
Sep 25 16:21:31.655 [32mINFO[0m Account BKvDCKvyymftJ5X8tG8nKkK984z5oSQppKzzzvo2TJ55 updated.
Sep 25 16:21:51.889 [32mINFO[0m Account 2k3HUzyqBruXwGYPxwyeqy3QnjwFtToWs4JtdSAsKKu3 updated.
