Sep 25 14:34:31.616 [32mINFO[0m Datasource connection successful. Epoch 1042 / Slot index 223512 / Slot 450367512.
Sep 25 14:34:31.616 [32mINFO[0m Skipping 0 lamport airdrop
Sep 25 14:34:33.200 [32mINFO[0m Account Hf1cD93ear3eJGqZUmcm912AFdSg7kbW41w5edRrHYaz not found, creating a new account from default values
Sep 25 14:34:33.200 [32mINFO[0m Account Hf1cD93ear3eJGqZUmcm912AFdSg7kbW41w5edRrHYaz updated.
Sep 25 14:34:35.291 [32mINFO[0m Account 2x2osnpnuo8qcDvJeBjQsYuKk12eymLSx9deCN9BJb4m not found, creating a new account from default values
Sep 25 14:34:35.291 [32mINFO[0m Account 2x2osnpnuo8qcDvJeBjQsYuKk12eymLSx9deCN9BJb4m updated.
Sep 25 14:34:37.395 [32mINFO[0m Account 7okuGKwRkoLvcGsu1wXHC3gqJQk41FZT9mo363Qsefwu not found, creating a new account from default values
Sep 25 14:34:37.395 [32mINFO[0m Account 7okuGKwRkoLvcGsu1wXHC3gqJQk41FZT9mo363Qsefwu updated.
Sep 25 14:34:39.483 [32mINFO[0m Account EGaHpAB9Svfv6zW8ZcNrSEayvMPNsg1gJqQUPDYfNKqL not found, creating a new account from default values
Sep 25 14:34:39.483 [32mINFO[0m Account EGaHpAB9Svfv6zW8ZcNrSEayvMPNsg1gJqQUPDYfNKqL updated.
Sep 25 14:34:41.583 [32mINFO[0m Account CuZDTZrPcGrRcjjFEF4UmcxgGq75Jm8eFFaxAWnSBBGA not found, creating a new account from default values
Sep 25 14:34:41.583 [32mINFO[0m Account CuZDTZrPcGrRcjjFEF4UmcxgGq75Jm8eFFaxAWnSBBGA updated.
Sep 25 14:34:44.207 [32mINFO[0m Account 9V2ngYYce5fmbjEUhYMiVFMRY7CT9qmvYXB8vzc6S1as not found, creating a new account from default values
Sep 25 14:34:44.207 [32mINFO[0m Account 9V2ngYYce5fmbjEUhYMiVFMRY7CT9qmvYXB8vzc6S1as updated.
Sep 25 14:34:46.290 [32mINFO[0m Account CcJ4VfBuFwMTPgDB7EjaWkzLidqZ4ZEiEEXGViL3oJiw not found, creating a new account from default values
Sep 25 14:34:46.290 [32mINFO[0m Account CcJ4VfBuFwMTPgDB7EjaWkzLidqZ4ZEiEEXGViL3oJiw updated.
Sep 25 14:34:48.388 [32mINFO[0m Account HMFt5dbUCAMtxq9vcirRSpgoTHGQH3tow8RbRVp5greU not found, creating a new account from default values
Sep 25 14:34:48.389 [32mINFO[0m Account HMFt5dbUCAMtxq9vcirRSpgoTHGQH3tow8RbRVp5greU updated.
Sep 25 14:34:50.489 [32mINFO[0m Account hoyjKyffP55yKjj8aEGARUQi5xKC3bZTYv4j4ih3dBy not found, creating a new account from default values
Sep 25 14:34:50.489 [32mINFO[0m Account hoyjKyffP55yKjj8aEGARUQi5xKC3bZTYv4j4ih3dBy updated.
Sep 25 14:34:52.583 [32mINFO[0m Account 75uzrnEcXXKf7fi53BxTBh5kTJCY7o6WD2qLvjMMShZd not found, creating a new account from default values
Sep 25 14:34:52.583 [32mINFO[0m Account 75uzrnEcXXKf7fi53BxTBh5kTJCY7o6WD2qLvjMMShZd updated.
Sep 25 14:34:54.686 [32mINFO[0m Account CNgdDTfsLRujBAhh8uVHP34gBHuHNvrE7x4wdZsh12et not found, creating a new account from default values
Sep 25 14:34:54.686 [32mINFO[0m Account CNgdDTfsLRujBAhh8uVHP34gBHuHNvrE7x4wdZsh12et updated.
Sep 25 14:34:56.796 [32mINFO[0m Account AwuneQgALPAye5TgJVzBfJJJfNBu7ezYwvNoyo8hHrpQ not found, creating a new account from default values
Sep 25 14:34:56.796 [32mINFO[0m Account AwuneQgALPAye5TgJVzBfJJJfNBu7ezYwvNoyo8hHrpQ updated.
Sep 25 14:34:58.880 [32mINFO[0m Account EPjFWdd5AufqSSqeM2qN1xzybapC8G4wEGGkZwyTDt1v updated.
Sep 25 14:34:59.406 [32mINFO[0m Account w3agifuLCa3XLpTQgXXKvC9Pipbn6AMaEPWk7ZTV86u updated.
Sep 25 14:35:00.987 [32mINFO[0m Account FSYurJQkjYZE3i2RpJup4fxpGonDurdcUoNTSr86w6BY updated.
Sep 25 14:35:03.595 [32mINFO[0m Account RJMMjTfuk35VJFYguqabN2Dp4HZPnqU433LW8LUB73F updated.
Sep 25 14:35:07.272 [32mINFO[0m Account 9LZdXeKGeBV6hRLdxS1rHbHoEUsKqesCC2ZAPTPKJAbK updated.
Sep 25 14:35:43.454 [32mINFO[0m Account J6uS2Gr9ficzTCBtDKukunXePfr3sa33t9brFiWtpRZv updated.
Sep 25 14:35:44.500 [32mINFO[0m Account XsoCS1TfEyfFhfvj8EtZ528L3CaKBDBRqRapnBbDF2W updated.
Sep 25 14:35:45.023 [32mINFO[0m Account Xs8S1uUs1zvS2p7iwtsG3b6fkhpvmwz4GYU3gWAmWHZ updated.
Sep 25 14:35:46.061 [32mINFO[0m Account Xsc9qvGR1efVDFGLrVsmkzv3qi45LTBjeUKSPmx9qEh updated.
Sep 25 14:35:47.646 [32mINFO[0m Account XsbEhLAtcf6HdfpFZ5xEMdqW8nfAvcsP5bdudRLJzJp updated.
Sep 25 14:35:48.686 [32mINFO[0m Account XsDoVfqeBukxuZHWhdvWHBhgEHjGNst4MLodqsJHzoB updated.
Sep 25 14:35:49.739 [32mINFO[0m Account XspzcW1PRtgf6Wj92HCiZdjzKCyFekVD8P5Ueh3dRMX updated.
Sep 25 14:35:50.795 [32mINFO[0m Account XsCPL9dNWBMvFtTmwcCA5v3xWPSMEBCszbQdiLLq6aN updated.
Sep 25 14:35:52.364 [32mINFO[0m Account Xs3eBt7uRfJX8QUs4suhyU8p2M6DoUDrJyWBa8LLZsg updated.
Sep 25 14:35:53.957 [32mINFO[0m Account Xsa62P5mvPszXL1krVUnU5ar38bBSVcWAB6fmPCo5Zu updated.
Sep 25 14:35:55.498 [32mINFO[0m Account PreweJYECqtQwBtpxHL171nL2K6umo692gTm7Q3rpgF updated.
Sep 25 14:35:56.549 [32mINFO[0m Account Pren1FvFX6J3E4kXhJuCiAD5aDmGEb7qJRncwA8Lkhw updated.
Sep 25 14:35:58.121 [32mINFO[0m Account PresTj4Yc2bAR197Er7wz4UUKSfqt6FryBEdAriBoQB updated.
Sep 25 14:35:59.185 [32mINFO[0m Account PreZad18qfPtbxNpMtMuAuX2zVpvkEU8DnJx56faCWd updated.
Sep 25 14:36:00.223 [32mINFO[0m Account PreLWGkkeqG1s4HEfFZSy9moCrJ7btsHuUtfcCeoRua updated.
Sep 25 14:36:00.747 [32mINFO[0m Account Pre8AREmFPtoJFT8mQSXQLh56cwJmM7CFDRuoGBZiUP updated.
Sep 25 14:36:01.790 [32mINFO[0m Account PrekqLJvJ3qVdXmBGDiexvwUTF4rLFDa6HWS4HJbw9S updated.
Sep 25 14:36:02.854 [32mINFO[0m Account PreANxuXjsy2pvisWWMNB6YaJNzr7681wJJr2rHsfTh updated.
Sep 25 14:36:25.917 [32mINFO[0m Account 8d9szTd157GKCLcxBqiLUgB7mek3v65rbsy2ErRyjwQ5 updated.
Sep 25 14:36:25.917 [32mINFO[0m Account CmumsQAU6TvqW2VLFVySBjQYKqKDeUPMBVdrxJ2YoK1 updated.
Sep 25 14:36:25.918 [32mINFO[0m Account HDwcJBJXjL9FpJ7UBsYBtaDjsBUhuLCUYoz3zr8SWWaQ updated.
Sep 25 14:36:34.845 [32mINFO[0m Account 4aXdM6V9ZD9Xb5AYaNrqJ8rBxxctWC1v57AsPhSXn2ER updated.
Sep 25 14:36:34.845 [32mINFO[0m Account 96QrNCjmh32H9quY9DX4NEH81nECVsbkATBDZeoVbvLV updated.
Sep 25 14:36:34.848 [32mINFO[0m Account rec5EKMGg6MxZYaMdyBfgwp4d5rB9T1VQH5pJv5LtFJ updated.
Sep 25 14:36:34.848 [32mINFO[0m Account DaWUKXCyXsnzcvLUyeJRWou8KTn7XtadgTsdhJ6RHS7b updated.
Sep 25 14:37:01.576 [32mINFO[0m Account D8cy77BBepLMngZx6ZukaTff5hCt1HrWyKk3Hnd9oitf updated.
Sep 25 14:37:01.576 [32mINFO[0m Account 2HquchT1EsaAtZLUcE9rFovLDqszxEka94xThh7E7vFE updated.
Sep 25 14:37:01.576 [32mINFO[0m Account 61mmsZUgoFNuqzXDsRH9TV2U9zc5aL1H5pKKA2pogsCC updated.
Sep 25 14:37:01.576 [32mINFO[0m Account So11111111111111111111111111111111111111112 updated.
Sep 25 14:37:01.576 [32mINFO[0m Account 9QLobxLUYdmP4UJ6GJwMDHSroMDkpL7aEVhbqvnmZHd2 updated.
Sep 25 14:37:01.576 [32mINFO[0m Account Pren1FvFX6J3E4kXhJuCiAD5aDmGEb7qJRncwA8Lkhw updated.
Sep 25 14:37:01.577 [32mINFO[0m Account 9R3wgE4GGNDCk6PJLJuVbcdBzZPUBituUQGxUcJX2VVP updated.
Sep 25 14:37:01.577 [32mINFO[0m Account Pren1FvFX6J3E4kXhJuCiAD5aDmGEb7qJRncwA8Lkhw updated.
Sep 25 14:37:01.577 [32mINFO[0m Account GqV32FxMfyBCw8QGhSkGHkQxByGeC17Do7ZUVbetWNJH updated.
Sep 25 14:37:01.577 [32mINFO[0m Account So11111111111111111111111111111111111111112 updated.
Sep 25 14:37:01.577 [32mINFO[0m Account 44X92BsHwLxrLm7mxPws7axfqEUViscA3qXex3g988qQ updated.
Sep 25 14:37:01.577 [32mINFO[0m Account EPjFWdd5AufqSSqeM2qN1xzybapC8G4wEGGkZwyTDt1v updated.
Sep 25 14:37:01.577 [32mINFO[0m Account 784tzUM1PzWBC7cGfsPpFDGrPypgCisV85LQAmiz95AN updated.
Sep 25 14:37:01.577 [32mINFO[0m Account F3ds62W3NNEBQrwi2ZFy2vX3xu5fxL6f7VMtRdmKjoCv updated.
Sep 25 14:37:01.577 [32mINFO[0m Account G92J4ZFggKZ9LbsQ2zBpajRvRto7ed7uRuJJqWsX4BhJ updated.
Sep 25 14:37:01.577 [32mINFO[0m Account MNFSTqtC93rEfYHB6hF82sKdZpUDFWkViLByLd1k1Ms updated.
Sep 25 14:37:01.578 [32mINFO[0m Account 4Ec7ZxZS6Sbdg5UGSLHbAnM7GQHp2eFd4KYWRexAipQT updated.
Sep 25 14:37:01.581 [32mINFO[0m Account JUP6LkbZbjS1jKKwapdHNy74zcZ3tLUZoi5QNyVTaV4 updated.
Sep 25 14:37:01.581 [32mINFO[0m Account 3arz4MHPGRFLxsd595niWSwYcRPdWPZrUhGTKXLGMrQe updated.
Sep 25 14:37:01.582 [32mINFO[0m Account FLUX6xBayGxLX9UcimVRxXFMHH6q43mAbRvDzSpCsvfK updated.
Sep 25 14:37:04.704 [32mINFO[0m Account FVD1dDS8z1sY5c4KLni6fEFNAK4YzqNgfvAKtC2iJbqr updated.
Sep 25 14:37:04.704 [32mINFO[0m Account Hu5cMUbiMKS39q8Xjhxx2Rqx7fThUBHAH3rKVnBMaaby updated.
Sep 25 14:37:07.503 [31mERROR[0m Transaction execution failed: Error processing Instruction 6: custom program error: 0x177c
Sep 25 14:37:12.587 [32mINFO[0m Account 8ZCH8N4Y4fPnnFd1e89zhzZGJ3RPZidb3ZZRLHP3476S updated.
Sep 25 14:37:24.143 [32mINFO[0m Account 5163SrbBvsKPQz86yfSGXLnPqu83X6bAQD1Gy7AA4n3 updated.
Sep 25 14:37:24.143 [32mINFO[0m Account 5HrX1UJLHQEBy3r5MTFNqEEw5sdQ3Fq4Sjq1JCmFgYWA updated.
Sep 25 14:37:24.143 [32mINFO[0m Account 8Wk2L1yDovBJifCN1o86X7g7pDcqLau39m6tEsJ9Sheh updated.
Sep 25 14:37:24.143 [32mINFO[0m Account 9zeBhQkMGmvko7CyPcYg3TUmfneES329dTYtMGs3wx6j updated.
Sep 25 14:37:24.143 [32mINFO[0m Account So11111111111111111111111111111111111111112 updated.
Sep 25 14:37:24.143 [32mINFO[0m Account CJ1fhvsz9FwFM54JyXpNvAj6dvxtiRQjMhYmG1aQVVX8 updated.
Sep 25 14:37:24.143 [32mINFO[0m Account DUSwtK7JwPbCbRpUmKZsDmuaZasGVnvX5VJpgR8yHKKY updated.
Sep 25 14:37:24.143 [32mINFO[0m Account EPjFWdd5AufqSSqeM2qN1xzybapC8G4wEGGkZwyTDt1v updated.
Sep 25 14:37:24.143 [32mINFO[0m Account EPUHjseXG3izk3MVUJ1PcyWT9xeBhtAnq8gUpq3j8Uni updated.
Sep 25 14:37:24.143 [32mINFO[0m Account HfJ9RgUGSrcsx1ctERFUUkHaMeeNr4a6vB7QQDFBKFwJ updated.
Sep 25 14:37:24.145 [32mINFO[0m Account 6DCXx7tbchQXv7WUgQ1u9STwPciWnwgyWU6DQitnLhh updated.
Sep 25 14:37:24.149 [32mINFO[0m Account DRVSpZ2YUYYKgZP8XtLhAGtT1zYSCKzeHfb4DgRnrgqD updated.
Sep 25 14:37:24.630 [32mINFO[0m Account j2VUW8UGtzuLq8b3vjZTDbk1Fs6FSV19UrsLZqc1Vyi updated.
Sep 25 14:37:26.856 [31mERROR[0m Transaction execution failed: Error processing Instruction 6: custom program error: 0x1787
Sep 25 14:37:32.508 [32mINFO[0m Account 9qhxuKTSDUQ2ScKwbXVcp2GcC46ZgK4y61ucHtJmAJkq updated.
Sep 25 14:37:41.930 [32mINFO[0m Account BADUUyw1sPvCcfHXWn3hySa3nTAqaLZ6bf2WyqX25WUQ updated.
