Sep 25 16:20:39.218 [32mINFO[0m Datasource connection successful. Epoch 1042 / Slot index 247245 / Slot 450391245.
Sep 25 16:20:39.218 [32mINFO[0m Skipping 0 lamport airdrop
Sep 25 16:20:39.218 [32mINFO[0m Account Hf1cD93ear3eJGqZUmcm912AFdSg7kbW41w5edRrHYaz not found, creating a new account from default values
Sep 25 16:20:39.218 [32mINFO[0m Account Hf1cD93ear3eJGqZUmcm912AFdSg7kbW41w5edRrHYaz updated.
Sep 25 16:20:40.542 [32mINFO[0m Account 2x2osnpnuo8qcDvJeBjQsYuKk12eymLSx9deCN9BJb4m not found, creating a new account from default values
Sep 25 16:20:40.542 [32mINFO[0m Account 2x2osnpnuo8qcDvJeBjQsYuKk12eymLSx9deCN9BJb4m updated.
Sep 25 16:20:42.109 [32mINFO[0m Account 7okuGKwRkoLvcGsu1wXHC3gqJQk41FZT9mo363Qsefwu not found, creating a new account from default values
Sep 25 16:20:42.109 [32mINFO[0m Account 7okuGKwRkoLvcGsu1wXHC3gqJQk41FZT9mo363Qsefwu updated.
Sep 25 16:20:43.561 [32mINFO[0m Account EGaHpAB9Svfv6zW8ZcNrSEayvMPNsg1gJqQUPDYfNKqL not found, creating a new account from default values
Sep 25 16:20:43.561 [32mINFO[0m Account EGaHpAB9Svfv6zW8ZcNrSEayvMPNsg1gJqQUPDYfNKqL updated.
Sep 25 16:20:45.003 [32mINFO[0m Account CuZDTZrPcGrRcjjFEF4UmcxgGq75Jm8eFFaxAWnSBBGA not found, creating a new account from default values
Sep 25 16:20:45.003 [32mINFO[0m Account CuZDTZrPcGrRcjjFEF4UmcxgGq75Jm8eFFaxAWnSBBGA updated.
Sep 25 16:20:46.496 [32mINFO[0m Account 9V2ngYYce5fmbjEUhYMiVFMRY7CT9qmvYXB8vzc6S1as not found, creating a new account from default values
Sep 25 16:20:46.497 [32mINFO[0m Account 9V2ngYYce5fmbjEUhYMiVFMRY7CT9qmvYXB8vzc6S1as updated.
Sep 25 16:20:48.067 [32mINFO[0m Account CcJ4VfBuFwMTPgDB7EjaWkzLidqZ4ZEiEEXGViL3oJiw not found, creating a new account from default values
Sep 25 16:20:48.067 [32mINFO[0m Account CcJ4VfBuFwMTPgDB7EjaWkzLidqZ4ZEiEEXGViL3oJiw updated.
Sep 25 16:20:49.334 [32mINFO[0m Account HMFt5dbUCAMtxq9vcirRSpgoTHGQH3tow8RbRVp5greU not found, creating a new account from default values
Sep 25 16:20:49.334 [32mINFO[0m Account HMFt5dbUCAMtxq9vcirRSpgoTHGQH3tow8RbRVp5greU updated.
Sep 25 16:20:50.756 [32mINFO[0m Account hoyjKyffP55yKjj8aEGARUQi5xKC3bZTYv4j4ih3dBy not found, creating a new account from default values
Sep 25 16:20:50.756 [32mINFO[0m Account hoyjKyffP55yKjj8aEGARUQi5xKC3bZTYv4j4ih3dBy updated.
Sep 25 16:20:52.172 [32mINFO[0m Account 75uzrnEcXXKf7fi53BxTBh5kTJCY7o6WD2qLvjMMShZd not found, creating a new account from default values
Sep 25 16:20:52.172 [32mINFO[0m Account 75uzrnEcXXKf7fi53BxTBh5kTJCY7o6WD2qLvjMMShZd updated.
Sep 25 16:20:53.701 [32mINFO[0m Account CNgdDTfsLRujBAhh8uVHP34gBHuHNvrE7x4wdZsh12et not found, creating a new account from default values
Sep 25 16:20:53.701 [32mINFO[0m Account CNgdDTfsLRujBAhh8uVHP34gBHuHNvrE7x4wdZsh12et updated.
Sep 25 16:20:55.046 [32mINFO[0m Account AwuneQgALPAye5TgJVzBfJJJfNBu7ezYwvNoyo8hHrpQ not found, creating a new account from default values
Sep 25 16:20:55.046 [32mINFO[0m Account AwuneQgALPAye5TgJVzBfJJJfNBu7ezYwvNoyo8hHrpQ updated.
Sep 25 16:20:56.529 [32mINFO[0m Account EPjFWdd5AufqSSqeM2qN1xzybapC8G4wEGGkZwyTDt1v updated.
Sep 25 16:20:56.985 [32mINFO[0m Account w3agifuLCa3XLpTQgXXKvC9Pipbn6AMaEPWk7ZTV86u updated.
Sep 25 16:20:58.465 [32mINFO[0m Account FSYurJQkjYZE3i2RpJup4fxpGonDurdcUoNTSr86w6BY updated.
Sep 25 16:21:00.536 [32mINFO[0m Account RJMMjTfuk35VJFYguqabN2Dp4HZPnqU433LW8LUB73F updated.
Sep 25 16:21:04.021 [32mINFO[0m Account 9LZdXeKGeBV6hRLdxS1rHbHoEUsKqesCC2ZAPTPKJAbK updated.
Sep 25 16:21:37.189 [32mINFO[0m Account J6uS2Gr9ficzTCBtDKukunXePfr3sa33t9brFiWtpRZv updated.
Sep 25 16:21:38.293 [32mINFO[0m Account XsoCS1TfEyfFhfvj8EtZ528L3CaKBDBRqRapnBbDF2W updated.
Sep 25 16:21:38.939 [32mINFO[0m Account Xs8S1uUs1zvS2p7iwtsG3b6fkhpvmwz4GYU3gWAmWHZ updated.
Sep 25 16:21:39.879 [32mINFO[0m Account Xsc9qvGR1efVDFGLrVsmkzv3qi45LTBjeUKSPmx9qEh updated.
Sep 25 16:21:40.671 [32mINFO[0m Account XsbEhLAtcf6HdfpFZ5xEMdqW8nfAvcsP5bdudRLJzJp updated.
Sep 25 16:21:42.193 [32mINFO[0m Account XsDoVfqeBukxuZHWhdvWHBhgEHjGNst4MLodqsJHzoB updated.
Sep 25 16:21:43.272 [32mINFO[0m Account XspzcW1PRtgf6Wj92HCiZdjzKCyFekVD8P5Ueh3dRMX updated.
Sep 25 16:21:44.456 [32mINFO[0m Account XsCPL9dNWBMvFtTmwcCA5v3xWPSMEBCszbQdiLLq6aN updated.
Sep 25 16:21:45.629 [32mINFO[0m Account Xs3eBt7uRfJX8QUs4suhyU8p2M6DoUDrJyWBa8LLZsg updated.
Sep 25 16:21:47.185 [32mINFO[0m Account Xsa62P5mvPszXL1krVUnU5ar38bBSVcWAB6fmPCo5Zu updated.
Sep 25 16:21:48.888 [32mINFO[0m Account PreweJYECqtQwBtpxHL171nL2K6umo692gTm7Q3rpgF updated.
Sep 25 16:21:50.295 [32mINFO[0m Account Pren1FvFX6J3E4kXhJuCiAD5aDmGEb7qJRncwA8Lkhw updated.
Sep 25 16:21:51.610 [32mINFO[0m Account PresTj4Yc2bAR197Er7wz4UUKSfqt6FryBEdAriBoQB updated.
Sep 25 16:21:53.071 [32mINFO[0m Account PreZad18qfPtbxNpMtMuAuX2zVpvkEU8DnJx56faCWd updated.
Sep 25 16:21:54.236 [32mINFO[0m Account PreLWGkkeqG1s4HEfFZSy9moCrJ7btsHuUtfcCeoRua updated.
Sep 25 16:21:55.707 [32mINFO[0m Account Pre8AREmFPtoJFT8mQSXQLh56cwJmM7CFDRuoGBZiUP updated.
Sep 25 16:21:56.563 [32mINFO[0m Account PrekqLJvJ3qVdXmBGDiexvwUTF4rLFDa6HWS4HJbw9S updated.
Sep 25 16:21:57.369 [32mINFO[0m Account PreANxuXjsy2pvisWWMNB6YaJNzr7681wJJr2rHsfTh updated.
Sep 25 16:22:05.283 [32mINFO[0m Account Pren1FvFX6J3E4kXhJuCiAD5aDmGEb7qJRncwA8Lkhw updated.
Sep 25 16:22:08.643 [32mINFO[0m Account 8d9szTd157GKCLcxBqiLUgB7mek3v65rbsy2ErRyjwQ5 updated.
Sep 25 16:22:08.643 [32mINFO[0m Account CmumsQAU6TvqW2VLFVySBjQYKqKDeUPMBVdrxJ2YoK1 updated.
Sep 25 16:22:08.646 [32mINFO[0m Account HDwcJBJXjL9FpJ7UBsYBtaDjsBUhuLCUYoz3zr8SWWaQ updated.
Sep 25 16:22:09.726 [32mINFO[0m Account C6VvqVxozyo11FmUeZLovtGzAcEAM8FUiAeEg65qNmmh updated.
Sep 25 16:22:09.726 [32mINFO[0m Account 96QrNCjmh32H9quY9DX4NEH81nECVsbkATBDZeoVbvLV updated.
Sep 25 16:22:09.727 [32mINFO[0m Account rec5EKMGg6MxZYaMdyBfgwp4d5rB9T1VQH5pJv5LtFJ updated.
Sep 25 16:22:09.727 [32mINFO[0m Account DaWUKXCyXsnzcvLUyeJRWou8KTn7XtadgTsdhJ6RHS7b updated.
Sep 25 16:22:17.553 [32mINFO[0m Account D8cy77BBepLMngZx6ZukaTff5hCt1HrWyKk3Hnd9oitf updated.
Sep 25 16:22:17.553 [32mINFO[0m Account 2HquchT1EsaAtZLUcE9rFovLDqszxEka94xThh7E7vFE updated.
Sep 25 16:22:17.553 [32mINFO[0m Account 61mmsZUgoFNuqzXDsRH9TV2U9zc5aL1H5pKKA2pogsCC updated.
Sep 25 16:22:17.554 [32mINFO[0m Account So11111111111111111111111111111111111111112 updated.
Sep 25 16:22:17.554 [32mINFO[0m Account 9QLobxLUYdmP4UJ6GJwMDHSroMDkpL7aEVhbqvnmZHd2 updated.
Sep 25 16:22:17.554 [32mINFO[0m Account Pren1FvFX6J3E4kXhJuCiAD5aDmGEb7qJRncwA8Lkhw updated.
Sep 25 16:22:17.554 [32mINFO[0m Account 9R3wgE4GGNDCk6PJLJuVbcdBzZPUBituUQGxUcJX2VVP updated.
Sep 25 16:22:17.554 [32mINFO[0m Account Pren1FvFX6J3E4kXhJuCiAD5aDmGEb7qJRncwA8Lkhw updated.
Sep 25 16:22:17.554 [32mINFO[0m Account GqV32FxMfyBCw8QGhSkGHkQxByGeC17Do7ZUVbetWNJH updated.
Sep 25 16:22:17.554 [32mINFO[0m Account So11111111111111111111111111111111111111112 updated.
Sep 25 16:22:17.554 [32mINFO[0m Account 44X92BsHwLxrLm7mxPws7axfqEUViscA3qXex3g988qQ updated.
Sep 25 16:22:17.554 [32mINFO[0m Account EPjFWdd5AufqSSqeM2qN1xzybapC8G4wEGGkZwyTDt1v updated.
Sep 25 16:22:17.554 [32mINFO[0m Account 784tzUM1PzWBC7cGfsPpFDGrPypgCisV85LQAmiz95AN updated.
Sep 25 16:22:17.554 [32mINFO[0m Account F3ds62W3NNEBQrwi2ZFy2vX3xu5fxL6f7VMtRdmKjoCv updated.
Sep 25 16:22:17.554 [32mINFO[0m Account G92J4ZFggKZ9LbsQ2zBpajRvRto7ed7uRuJJqWsX4BhJ updated.
Sep 25 16:22:17.554 [32mINFO[0m Account MNFSTqtC93rEfYHB6hF82sKdZpUDFWkViLByLd1k1Ms updated.
Sep 25 16:22:17.556 [32mINFO[0m Account 4Ec7ZxZS6Sbdg5UGSLHbAnM7GQHp2eFd4KYWRexAipQT updated.
Sep 25 16:22:17.559 [32mINFO[0m Account JUP6LkbZbjS1jKKwapdHNy74zcZ3tLUZoi5QNyVTaV4 updated.
Sep 25 16:22:17.559 [32mINFO[0m Account 3arz4MHPGRFLxsd595niWSwYcRPdWPZrUhGTKXLGMrQe updated.
Sep 25 16:22:17.559 [32mINFO[0m Account FLUX6xBayGxLX9UcimVRxXFMHH6q43mAbRvDzSpCsvfK updated.
Sep 25 16:22:18.260 [32mINFO[0m Account FVD1dDS8z1sY5c4KLni6fEFNAK4YzqNgfvAKtC2iJbqr updated.
Sep 25 16:22:18.260 [32mINFO[0m Account Hu5cMUbiMKS39q8Xjhxx2Rqx7fThUBHAH3rKVnBMaaby updated.
Sep 25 16:22:24.989 [32mINFO[0m Account 7ys5LtS4YwpVxGmjSdSo4swhmqiaeM2kcWeuSrRpUg62 updated.
Sep 25 16:22:31.583 [32mINFO[0m Account AHDoJMnQSBDdZPGVcfxaZwtwnEwW3o15zLUb9RHuJiQd updated.
Sep 25 16:22:31.583 [32mINFO[0m Account EUceSWp8KNzwWH8rk8k4KPXUuTLWYqZkuEVoJZ3xxFsb updated.
Sep 25 16:22:31.585 [32mINFO[0m Account 5XRqv7LCoC5FhWKk5JN8n4kCrJs3e4KH1XsYzKeMd5Nt updated.
Sep 25 16:22:31.585 [32mINFO[0m Account 8Fbe7HNy6oVWifnFotzpp9mJ3nDr99brwFavHpbYP4a8 updated.
Sep 25 16:22:31.587 [32mINFO[0m Account B6d64smpU35Zv2QRLHLi4cVXQNVGDpuhcfzKEbpip6ED updated.
Sep 25 16:22:31.590 [32mINFO[0m Account EPjFWdd5AufqSSqeM2qN1xzybapC8G4wEGGkZwyTDt1v updated.
Sep 25 16:22:31.590 [32mINFO[0m Account BsLY7Qxh8NM61MDj6DK1UWdSprJfTEBPnp6Lc9iw2Gmw updated.
Sep 25 16:22:31.590 [32mINFO[0m Account So11111111111111111111111111111111111111112 updated.
Sep 25 16:22:31.590 [32mINFO[0m Account EN1RTvqZ3BpLmpJVXqpMb6Sc2w8ncbA5imsTQmQtRCZg updated.
Sep 25 16:22:31.590 [32mINFO[0m Account GiF8ijuWSetPNqZY4oMkGuv2VM4AsrCxxuBpab3zNtk2 updated.
Sep 25 16:22:31.590 [32mINFO[0m Account D1ZN9Wj1fRSUQfCjhvnu1hqDMT7hzjzBBpi12nVniYD6 updated.
Sep 25 16:22:31.590 [32mINFO[0m Account HZcJwcJ2njPDxZtpPoKnF8v2w9QAx2rS7TdJPSRkbEhu updated.
Sep 25 16:22:31.595 [32mINFO[0m Account LBUZKhRxPF3XUpBCjp4YzTKgLccjZhTSDM9YuVaPwxo updated.
Sep 25 16:22:32.303 [32mINFO[0m Account 7S2P592U9Dt11zXcMKPzYHD7pr6ifGwV6eV1EAboPtSa updated.
Sep 25 16:22:32.635 [32mINFO[0m Account Pren1FvFX6J3E4kXhJuCiAD5aDmGEb7qJRncwA8Lkhw updated.
Sep 25 16:27:13.684 [32mINFO[0m Account 6n63RbL88zU3f2MZ1wSASDtBVHtizpas1RMqu7Tgb4gk updated.
Sep 25 16:27:22.149 [32mINFO[0m Account 8F4eevCvMQnSqKSumeku161Yyc4MZ1hdMdjNMdQnh9P6 updated.
Sep 25 16:27:22.149 [32mINFO[0m Account BwK23NuJcNmVLyCXpB2yEGLYmJJ4xtto6QBNCQuFiBpa updated.
Sep 25 16:27:22.149 [32mINFO[0m Account 25WZuwBUJ9juCGSHe5fmYeki2WHbWtnDFoe59bHkrz9G updated.
Sep 25 16:27:22.149 [32mINFO[0m Account EPjFWdd5AufqSSqeM2qN1xzybapC8G4wEGGkZwyTDt1v updated.
Sep 25 16:27:22.149 [32mINFO[0m Account 5qWkYyM3m2YFkW3rZHhBHZoZyGkEkuGaX9V9AFvgWprP updated.
Sep 25 16:27:22.150 [32mINFO[0m Account PreLWGkkeqG1s4HEfFZSy9moCrJ7btsHuUtfcCeoRua updated.
Sep 25 16:27:22.150 [32mINFO[0m Account 6KJvZdxcgv99AFsnn7eufHr4nAGgJqvPDsFyrzzcCwKQ updated.
Sep 25 16:27:22.150 [32mINFO[0m Account Ao6jpr2KaQLbnwzjEZ7SgSJ8ExotDQ2HJmn5eW87jMgV updated.
Sep 25 16:27:22.780 [32mINFO[0m Account ESEJ9PL47vgqL64WQhEeRPEnJkekqBY3dh4uFQj7XXC8 updated.
Sep 25 16:27:23.564 [31mERROR[0m Transaction execution failed: Error processing Instruction 4: custom program error: 0x178a
Sep 25 16:27:28.245 [32mINFO[0m Account 5sd6Kp2NeAiYNZ8daJoRGTkDtuhCdNJM1SL3pbyvZhGd updated.
Sep 25 16:27:44.291 [32mINFO[0m Account 2xmhJyp2uNmttg5VfMbiWfMSdWtrN4N9vLX4MTPuMZ4J updated.
Sep 25 16:27:44.291 [32mINFO[0m Account 3UYmuPPsByqS5CC7AKsEpB4W1WuZcr8UEEFgUBGgLjH3 updated.
Sep 25 16:27:44.291 [32mINFO[0m Account 8zTGeWM6oKDzqumVqbZHXjHN8LrKBZcZ5FTeH5dx8N9a updated.
Sep 25 16:27:44.291 [32mINFO[0m Account So11111111111111111111111111111111111111112 updated.
Sep 25 16:27:44.291 [32mINFO[0m Account bHHnvxhkzBebvqxpnzVaXSdQ1GdFeZFg8yi9YKgL7zE updated.
Sep 25 16:27:44.291 [32mINFO[0m Account EPjFWdd5AufqSSqeM2qN1xzybapC8G4wEGGkZwyTDt1v updated.
Sep 25 16:27:44.291 [32mINFO[0m Account CRKZr6Y9t2hzVNWY4gJk5eig8uznyykB4RTuGSqJDw7n updated.
Sep 25 16:27:44.291 [32mINFO[0m Account DJNtGuBGEQiUCWE8F981M2C3ZghZt2XLD8f2sQdZ6rsZ updated.
Sep 25 16:27:44.291 [32mINFO[0m Account EaEKZFeuKvws16cfgkaCqZBwpvEdCC6Gsw6282A9WsCD updated.
Sep 25 16:27:44.291 [32mINFO[0m Account syEzpmVAJVk5LCPUfNjtsF9peEsMBsmYyo1FHU7aVgy updated.
Sep 25 16:27:44.291 [32mINFO[0m Account 66S4Bs8HVyaPdQ5JGfKixEZMf5CczcfnLGgGYEKnvi3Z updated.
Sep 25 16:27:44.293 [32mINFO[0m Account HpNfyc2Saw7RKkQd8nEL4khUcuPhQ7WwY1B2qjx8jxFq updated.
Sep 25 16:27:44.293 [32mINFO[0m Account HZzqEWHEvSiqYt6PxxLs7zXETmqGuryqfmvggjAkqisp updated.
Sep 25 16:27:44.955 [32mINFO[0m Account 3Gh6vbi6wKLTnx93XzEb1nNtARB5cpBWZhHCgxY1tmxG updated.
Sep 25 16:27:45.134 [31mERROR[0m Failed to process transaction: Internal error: "Failed to fetch accounts from remote: error sending request for url (https://api.mainnet-beta.solana.com/)"
