Sep 25 17:44:47.664 [32mINFO[0m Datasource connection successful. Epoch 1042 / Slot index 266058 / Slot 450410058.
Sep 25 17:44:47.664 [32mINFO[0m Skipping 0 lamport airdrop
Sep 25 17:44:49.704 [32mINFO[0m Account Hf1cD93ear3eJGqZUmcm912AFdSg7kbW41w5edRrHYaz not found, creating a new account from default values
Sep 25 17:44:49.714 [32mINFO[0m Account Hf1cD93ear3eJGqZUmcm912AFdSg7kbW41w5edRrHYaz updated.
Sep 25 17:44:51.276 [32mINFO[0m Account 2x2osnpnuo8qcDvJeBjQsYuKk12eymLSx9deCN9BJb4m not found, creating a new account from default values
Sep 25 17:44:51.276 [32mINFO[0m Account 2x2osnpnuo8qcDvJeBjQsYuKk12eymLSx9deCN9BJb4m updated.
Sep 25 17:44:52.854 [32mINFO[0m Account 7okuGKwRkoLvcGsu1wXHC3gqJQk41FZT9mo363Qsefwu not found, creating a new account from default values
Sep 25 17:44:52.854 [32mINFO[0m Account 7okuGKwRkoLvcGsu1wXHC3gqJQk41FZT9mo363Qsefwu updated.
Sep 25 17:44:54.421 [32mINFO[0m Account EGaHpAB9Svfv6zW8ZcNrSEayvMPNsg1gJqQUPDYfNKqL not found, creating a new account from default values
Sep 25 17:44:54.421 [32mINFO[0m Account EGaHpAB9Svfv6zW8ZcNrSEayvMPNsg1gJqQUPDYfNKqL updated.
Sep 25 17:44:55.999 [32mINFO[0m Account CuZDTZrPcGrRcjjFEF4UmcxgGq75Jm8eFFaxAWnSBBGA not found, creating a new account from default values
Sep 25 17:44:56.007 [32mINFO[0m Account CuZDTZrPcGrRcjjFEF4UmcxgGq75Jm8eFFaxAWnSBBGA updated.
Sep 25 17:44:58.620 [32mINFO[0m Account 9V2ngYYce5fmbjEUhYMiVFMRY7CT9qmvYXB8vzc6S1as not found, creating a new account from default values
Sep 25 17:44:58.620 [32mINFO[0m Account 9V2ngYYce5fmbjEUhYMiVFMRY7CT9qmvYXB8vzc6S1as updated.
Sep 25 17:45:00.189 [32mINFO[0m Account CcJ4VfBuFwMTPgDB7EjaWkzLidqZ4ZEiEEXGViL3oJiw not found, creating a new account from default values
Sep 25 17:45:00.198 [32mINFO[0m Account CcJ4VfBuFwMTPgDB7EjaWkzLidqZ4ZEiEEXGViL3oJiw updated.
Sep 25 17:45:01.762 [32mINFO[0m Account HMFt5dbUCAMtxq9vcirRSpgoTHGQH3tow8RbRVp5greU not found, creating a new account from default values
Sep 25 17:45:01.762 [32mINFO[0m Account HMFt5dbUCAMtxq9vcirRSpgoTHGQH3tow8RbRVp5greU updated.
Sep 25 17:45:03.335 [32mINFO[0m Account hoyjKyffP55yKjj8aEGARUQi5xKC3bZTYv4j4ih3dBy not found, creating a new account from default values
Sep 25 17:45:03.335 [32mINFO[0m Account hoyjKyffP55yKjj8aEGARUQi5xKC3bZTYv4j4ih3dBy updated.
Sep 25 17:45:04.909 [32mINFO[0m Account 75uzrnEcXXKf7fi53BxTBh5kTJCY7o6WD2qLvjMMShZd not found, creating a new account from default values
Sep 25 17:45:04.909 [32mINFO[0m Account 75uzrnEcXXKf7fi53BxTBh5kTJCY7o6WD2qLvjMMShZd updated.
Sep 25 17:45:06.479 [32mINFO[0m Account CNgdDTfsLRujBAhh8uVHP34gBHuHNvrE7x4wdZsh12et not found, creating a new account from default values
Sep 25 17:45:06.479 [32mINFO[0m Account CNgdDTfsLRujBAhh8uVHP34gBHuHNvrE7x4wdZsh12et updated.
Sep 25 17:45:08.049 [32mINFO[0m Account AwuneQgALPAye5TgJVzBfJJJfNBu7ezYwvNoyo8hHrpQ not found, creating a new account from default values
Sep 25 17:45:08.049 [32mINFO[0m Account AwuneQgALPAye5TgJVzBfJJJfNBu7ezYwvNoyo8hHrpQ updated.
Sep 25 17:45:09.626 [32mINFO[0m Account EPjFWdd5AufqSSqeM2qN1xzybapC8G4wEGGkZwyTDt1v updated.
Sep 25 17:45:10.154 [32mINFO[0m Account w3agifuLCa3XLpTQgXXKvC9Pipbn6AMaEPWk7ZTV86u updated.
Sep 25 17:45:11.728 [32mINFO[0m Account FSYurJQkjYZE3i2RpJup4fxpGonDurdcUoNTSr86w6BY updated.
Sep 25 17:45:13.297 [32mINFO[0m Account RJMMjTfuk35VJFYguqabN2Dp4HZPnqU433LW8LUB73F updated.
Sep 25 17:45:17.493 [32mINFO[0m Account 9LZdXeKGeBV6hRLdxS1rHbHoEUsKqesCC2ZAPTPKJAbK updated.
Sep 25 17:45:51.041 [32mINFO[0m Account J6uS2Gr9ficzTCBtDKukunXePfr3sa33t9brFiWtpRZv updated.
Sep 25 17:45:52.622 [32mINFO[0m Account XsoCS1TfEyfFhfvj8EtZ528L3CaKBDBRqRapnBbDF2W updated.
Sep 25 17:45:53.145 [32mINFO[0m Account Xs8S1uUs1zvS2p7iwtsG3b6fkhpvmwz4GYU3gWAmWHZ updated.
Sep 25 17:45:53.675 [32mINFO[0m Account Xsc9qvGR1efVDFGLrVsmkzv3qi45LTBjeUKSPmx9qEh updated.
Sep 25 17:45:54.194 [32mINFO[0m Account XsbEhLAtcf6HdfpFZ5xEMdqW8nfAvcsP5bdudRLJzJp updated.
Sep 25 17:45:54.731 [32mINFO[0m Account XsDoVfqeBukxuZHWhdvWHBhgEHjGNst4MLodqsJHzoB updated.
Sep 25 17:45:55.240 [32mINFO[0m Account XspzcW1PRtgf6Wj92HCiZdjzKCyFekVD8P5Ueh3dRMX updated.
Sep 25 17:45:55.774 [32mINFO[0m Account XsCPL9dNWBMvFtTmwcCA5v3xWPSMEBCszbQdiLLq6aN updated.
Sep 25 17:45:56.303 [32mINFO[0m Account Xs3eBt7uRfJX8QUs4suhyU8p2M6DoUDrJyWBa8LLZsg updated.
Sep 25 17:45:56.814 [32mINFO[0m Account Xsa62P5mvPszXL1krVUnU5ar38bBSVcWAB6fmPCo5Zu updated.
Sep 25 17:45:57.340 [32mINFO[0m Account PreweJYECqtQwBtpxHL171nL2K6umo692gTm7Q3rpgF updated.
Sep 25 17:45:57.864 [32mINFO[0m Account Pren1FvFX6J3E4kXhJuCiAD5aDmGEb7qJRncwA8Lkhw updated.
Sep 25 17:45:58.389 [32mINFO[0m Account PresTj4Yc2bAR197Er7wz4UUKSfqt6FryBEdAriBoQB updated.
Sep 25 17:45:58.910 [32mINFO[0m Account PreZad18qfPtbxNpMtMuAuX2zVpvkEU8DnJx56faCWd updated.
Sep 25 17:45:59.433 [32mINFO[0m Account PreLWGkkeqG1s4HEfFZSy9moCrJ7btsHuUtfcCeoRua updated.
Sep 25 17:45:59.969 [32mINFO[0m Account Pre8AREmFPtoJFT8mQSXQLh56cwJmM7CFDRuoGBZiUP updated.
Sep 25 17:46:00.484 [32mINFO[0m Account PrekqLJvJ3qVdXmBGDiexvwUTF4rLFDa6HWS4HJbw9S updated.
Sep 25 17:46:01.010 [32mINFO[0m Account PreANxuXjsy2pvisWWMNB6YaJNzr7681wJJr2rHsfTh updated.
Sep 25 17:46:16.220 [32mINFO[0m Account 8d9szTd157GKCLcxBqiLUgB7mek3v65rbsy2ErRyjwQ5 updated.
Sep 25 17:46:16.220 [32mINFO[0m Account CmumsQAU6TvqW2VLFVySBjQYKqKDeUPMBVdrxJ2YoK1 updated.
Sep 25 17:46:16.222 [32mINFO[0m Account HDwcJBJXjL9FpJ7UBsYBtaDjsBUhuLCUYoz3zr8SWWaQ updated.
Sep 25 17:46:18.305 [32mINFO[0m Account BHagkJVjFKuddftPbFLfKZZoha5NKRBxD6tgbvcv5iQd updated.
Sep 25 17:46:18.305 [32mINFO[0m Account 96QrNCjmh32H9quY9DX4NEH81nECVsbkATBDZeoVbvLV updated.
Sep 25 17:46:18.307 [32mINFO[0m Account rec5EKMGg6MxZYaMdyBfgwp4d5rB9T1VQH5pJv5LtFJ updated.
Sep 25 17:46:18.307 [32mINFO[0m Account DaWUKXCyXsnzcvLUyeJRWou8KTn7XtadgTsdhJ6RHS7b updated.
Sep 25 17:46:27.751 [32mINFO[0m Account D8cy77BBepLMngZx6ZukaTff5hCt1HrWyKk3Hnd9oitf updated.
Sep 25 17:46:27.751 [32mINFO[0m Account 2HquchT1EsaAtZLUcE9rFovLDqszxEka94xThh7E7vFE updated.
Sep 25 17:46:27.751 [32mINFO[0m Account 61mmsZUgoFNuqzXDsRH9TV2U9zc5aL1H5pKKA2pogsCC updated.
Sep 25 17:46:27.751 [32mINFO[0m Account So11111111111111111111111111111111111111112 updated.
Sep 25 17:46:27.751 [32mINFO[0m Account 9QLobxLUYdmP4UJ6GJwMDHSroMDkpL7aEVhbqvnmZHd2 updated.
Sep 25 17:46:27.751 [32mINFO[0m Account Pren1FvFX6J3E4kXhJuCiAD5aDmGEb7qJRncwA8Lkhw updated.
Sep 25 17:46:27.751 [32mINFO[0m Account 9R3wgE4GGNDCk6PJLJuVbcdBzZPUBituUQGxUcJX2VVP updated.
Sep 25 17:46:27.751 [32mINFO[0m Account Pren1FvFX6J3E4kXhJuCiAD5aDmGEb7qJRncwA8Lkhw updated.
Sep 25 17:46:27.751 [32mINFO[0m Account GqV32FxMfyBCw8QGhSkGHkQxByGeC17Do7ZUVbetWNJH updated.
Sep 25 17:46:27.751 [32mINFO[0m Account So11111111111111111111111111111111111111112 updated.
Sep 25 17:46:27.751 [32mINFO[0m Account 44X92BsHwLxrLm7mxPws7axfqEUViscA3qXex3g988qQ updated.
Sep 25 17:46:27.751 [32mINFO[0m Account EPjFWdd5AufqSSqeM2qN1xzybapC8G4wEGGkZwyTDt1v updated.
Sep 25 17:46:27.751 [32mINFO[0m Account 784tzUM1PzWBC7cGfsPpFDGrPypgCisV85LQAmiz95AN updated.
Sep 25 17:46:27.751 [32mINFO[0m Account F3ds62W3NNEBQrwi2ZFy2vX3xu5fxL6f7VMtRdmKjoCv updated.
Sep 25 17:46:27.753 [32mINFO[0m Account 4Ec7ZxZS6Sbdg5UGSLHbAnM7GQHp2eFd4KYWRexAipQT updated.
Sep 25 17:46:27.758 [32mINFO[0m Account JUP6LkbZbjS1jKKwapdHNy74zcZ3tLUZoi5QNyVTaV4 updated.
Sep 25 17:46:27.758 [32mINFO[0m Account G92J4ZFggKZ9LbsQ2zBpajRvRto7ed7uRuJJqWsX4BhJ updated.
Sep 25 17:46:27.759 [32mINFO[0m Account MNFSTqtC93rEfYHB6hF82sKdZpUDFWkViLByLd1k1Ms updated.
Sep 25 17:46:27.759 [32mINFO[0m Account 3arz4MHPGRFLxsd595niWSwYcRPdWPZrUhGTKXLGMrQe updated.
Sep 25 17:46:27.759 [32mINFO[0m Account FLUX6xBayGxLX9UcimVRxXFMHH6q43mAbRvDzSpCsvfK updated.
Sep 25 17:46:28.273 [32mINFO[0m Account FVD1dDS8z1sY5c4KLni6fEFNAK4YzqNgfvAKtC2iJbqr updated.
Sep 25 17:46:28.273 [32mINFO[0m Account Hu5cMUbiMKS39q8Xjhxx2Rqx7fThUBHAH3rKVnBMaaby updated.
Sep 25 17:46:29.972 [31mERROR[0m Transaction execution failed: Error processing Instruction 7: custom program error: 0x1783
Sep 25 17:46:35.088 [32mINFO[0m Account F6WGJJzJsUSE38KfWp1wiFyJrt3UszK6mcVGhmLuteM3 updated.
Sep 25 17:46:44.013 [32mINFO[0m Account 5163SrbBvsKPQz86yfSGXLnPqu83X6bAQD1Gy7AA4n3 updated.
Sep 25 17:46:44.013 [32mINFO[0m Account 5HrX1UJLHQEBy3r5MTFNqEEw5sdQ3Fq4Sjq1JCmFgYWA updated.
Sep 25 17:46:44.013 [32mINFO[0m Account 8Wk2L1yDovBJifCN1o86X7g7pDcqLau39m6tEsJ9Sheh updated.
Sep 25 17:46:44.013 [32mINFO[0m Account 9zeBhQkMGmvko7CyPcYg3TUmfneES329dTYtMGs3wx6j updated.
Sep 25 17:46:44.013 [32mINFO[0m Account So11111111111111111111111111111111111111112 updated.
Sep 25 17:46:44.013 [32mINFO[0m Account CJ1fhvsz9FwFM54JyXpNvAj6dvxtiRQjMhYmG1aQVVX8 updated.
Sep 25 17:46:44.013 [32mINFO[0m Account DUSwtK7JwPbCbRpUmKZsDmuaZasGVnvX5VJpgR8yHKKY updated.
Sep 25 17:46:44.013 [32mINFO[0m Account EPjFWdd5AufqSSqeM2qN1xzybapC8G4wEGGkZwyTDt1v updated.
Sep 25 17:46:44.013 [32mINFO[0m Account EPUHjseXG3izk3MVUJ1PcyWT9xeBhtAnq8gUpq3j8Uni updated.
Sep 25 17:46:44.013 [32mINFO[0m Account HfJ9RgUGSrcsx1ctERFUUkHaMeeNr4a6vB7QQDFBKFwJ updated.
Sep 25 17:46:44.014 [32mINFO[0m Account 6DCXx7tbchQXv7WUgQ1u9STwPciWnwgyWU6DQitnLhh updated.
Sep 25 17:46:44.016 [32mINFO[0m Account DRVSpZ2YUYYKgZP8XtLhAGtT1zYSCKzeHfb4DgRnrgqD updated.
Sep 25 17:46:44.519 [32mINFO[0m Account j2VUW8UGtzuLq8b3vjZTDbk1Fs6FSV19UrsLZqc1Vyi updated.
Sep 25 17:46:45.200 [31mERROR[0m Transaction execution failed: Error processing Instruction 7: custom program error: 0x1786
Sep 25 17:46:57.105 [32mINFO[0m Account EPjFWdd5AufqSSqeM2qN1xzybapC8G4wEGGkZwyTDt1v updated.
Sep 25 17:46:57.105 [32mINFO[0m Account 52ZjrBJDGueUBegcdknHZcwa5bnAiJcAJ65hgymxDdRB updated.
Sep 25 17:46:57.105 [32mINFO[0m Account EPjFWdd5AufqSSqeM2qN1xzybapC8G4wEGGkZwyTDt1v updated.
Sep 25 17:46:57.105 [32mINFO[0m Account AHFAv95Z67xnPYuHTf5a9uMEHdXFvbQvwc4EazY3tpt7 updated.
Sep 25 17:46:57.105 [32mINFO[0m Account DbuvwPuLvH8uy2B1sKuu18aCd2QpCvfZdfDtdRZztBd2 updated.
Sep 25 17:46:57.105 [32mINFO[0m Account EPjFWdd5AufqSSqeM2qN1xzybapC8G4wEGGkZwyTDt1v updated.
Sep 25 17:46:57.105 [32mINFO[0m Account DhqdGGgkAnj8AYqh2zbb8JRS3bfZZ8j2JQTQZ739moCk updated.
Sep 25 17:46:57.105 [32mINFO[0m Account So11111111111111111111111111111111111111112 updated.
Sep 25 17:46:57.105 [32mINFO[0m Account HZ5JFB1ZoZs6NQLr7bb4MMEXDgty4Vs1ZghoyX35mNnV updated.
Sep 25 17:46:57.105 [32mINFO[0m Account So11111111111111111111111111111111111111112 updated.
Sep 25 17:46:57.105 [32mINFO[0m Account 7kctoUvvP77tvLPBbTcgXQqUDSqBYRXcQZyWELWQeHxA updated.
Sep 25 17:46:57.105 [32mINFO[0m Account 82RLfDeEAoYtx3rwZF7igAQC1nGsBBvAMkygB5mcJojZ updated.
Sep 25 17:46:57.105 [32mINFO[0m Account EPjFWdd5AufqSSqeM2qN1xzybapC8G4wEGGkZwyTDt1v updated.
Sep 25 17:46:57.105 [32mINFO[0m Account BdyhkSrDR2uKQqK5oCAsA1z9fzdHXhYpUzbL7rQ85wHj updated.
Sep 25 17:46:57.105 [32mINFO[0m Account 5nmAbnjJfW1skrPvYjLTBNdhoKzJfznnbvDcM8G2U7Ki updated.
Sep 25 17:46:57.106 [32mINFO[0m Account 6Wj5ZjKYiVDjT7bwotbts1wtQ7MbXecS8rDB1e4aEB6r updated.
Sep 25 17:46:57.107 [32mINFO[0m Account DEXYosS6oEGvk8uCDayvwEZz4qEyDJRf9nFgYCaqPMTm updated.
Sep 25 17:46:57.629 [32mINFO[0m Account 23iTfgGpQMxmeDhF4BcjW6D33UYG4Up25ttdc27vDD42 updated.
Sep 25 17:46:57.629 [32mINFO[0m Account 3W59angxNj8wkq35YdiW2ckLoRXHw1pGkkxLxNe3cwpu updated.
Sep 25 17:46:58.256 [31mERROR[0m Transaction execution failed: Error processing Instruction 6: custom program error: 0x1789
Sep 25 17:47:04.452 [32mINFO[0m Account 2XK2hkQ9Cmb94mKjXFCuy2QiVC9VfMyXZQRPbFePmYNs updated.
