Sep 25 14:31:17.646 [31mERROR[0m Failed to start subgraph and explorer server: Address already in use (os error 48)
Sep 25 14:31:22.926 [33mWARN[0m Failed to start subgraph and explorer server: Address already in use (os error 48)
Sep 25 14:31:22.926 [32mINFO[0m Continuing with simnet startup...
Sep 25 14:31:22.926 [32mINFO[0m Datasource connection successful. Epoch 1042 / Slot index 222810 / Slot 450366810.
Sep 25 14:31:22.926 [32mINFO[0m Skipping 0 lamport airdrop
Sep 25 14:31:22.926 [32mINFO[0m Account Hf1cD93ear3eJGqZUmcm912AFdSg7kbW41w5edRrHYaz not found, creating a new account from default values
Sep 25 14:31:22.926 [32mINFO[0m Account Hf1cD93ear3eJGqZUmcm912AFdSg7kbW41w5edRrHYaz updated.
Sep 25 14:31:25.497 [32mINFO[0m Account 2x2osnpnuo8qcDvJeBjQsYuKk12eymLSx9deCN9BJb4m not found, creating a new account from default values
Sep 25 14:31:25.497 [32mINFO[0m Account 2x2osnpnuo8qcDvJeBjQsYuKk12eymLSx9deCN9BJb4m updated.
Sep 25 14:31:28.669 [32mINFO[0m Account 7okuGKwRkoLvcGsu1wXHC3gqJQk41FZT9mo363Qsefwu not found, creating a new account from default values
Sep 25 14:31:28.669 [32mINFO[0m Account 7okuGKwRkoLvcGsu1wXHC3gqJQk41FZT9mo363Qsefwu updated.
Sep 25 14:31:30.768 [32mINFO[0m Account EGaHpAB9Svfv6zW8ZcNrSEayvMPNsg1gJqQUPDYfNKqL not found, creating a new account from default values
Sep 25 14:31:30.768 [32mINFO[0m Account EGaHpAB9Svfv6zW8ZcNrSEayvMPNsg1gJqQUPDYfNKqL updated.
Sep 25 14:31:32.895 [32mINFO[0m Account CuZDTZrPcGrRcjjFEF4UmcxgGq75Jm8eFFaxAWnSBBGA not found, creating a new account from default values
Sep 25 14:31:32.896 [32mINFO[0m Account CuZDTZrPcGrRcjjFEF4UmcxgGq75Jm8eFFaxAWnSBBGA updated.
Sep 25 14:31:34.954 [32mINFO[0m Account 9V2ngYYce5fmbjEUhYMiVFMRY7CT9qmvYXB8vzc6S1as not found, creating a new account from default values
Sep 25 14:31:34.957 [32mINFO[0m Account 9V2ngYYce5fmbjEUhYMiVFMRY7CT9qmvYXB8vzc6S1as updated.
Sep 25 14:31:37.552 [32mINFO[0m Account CcJ4VfBuFwMTPgDB7EjaWkzLidqZ4ZEiEEXGViL3oJiw not found, creating a new account from default values
Sep 25 14:31:37.552 [32mINFO[0m Account CcJ4VfBuFwMTPgDB7EjaWkzLidqZ4ZEiEEXGViL3oJiw updated.
Sep 25 14:31:40.176 [32mINFO[0m Account HMFt5dbUCAMtxq9vcirRSpgoTHGQH3tow8RbRVp5greU not found, creating a new account from default values
Sep 25 14:31:40.184 [32mINFO[0m Account HMFt5dbUCAMtxq9vcirRSpgoTHGQH3tow8RbRVp5greU updated.
Sep 25 14:31:41.762 [32mINFO[0m Account hoyjKyffP55yKjj8aEGARUQi5xKC3bZTYv4j4ih3dBy not found, creating a new account from default values
Sep 25 14:31:41.762 [32mINFO[0m Account hoyjKyffP55yKjj8aEGARUQi5xKC3bZTYv4j4ih3dBy updated.
Sep 25 14:31:43.867 [32mINFO[0m Account 75uzrnEcXXKf7fi53BxTBh5kTJCY7o6WD2qLvjMMShZd not found, creating a new account from default values
Sep 25 14:31:43.867 [32mINFO[0m Account 75uzrnEcXXKf7fi53BxTBh5kTJCY7o6WD2qLvjMMShZd updated.
Sep 25 14:31:46.468 [32mINFO[0m Account CNgdDTfsLRujBAhh8uVHP34gBHuHNvrE7x4wdZsh12et not found, creating a new account from default values
Sep 25 14:31:46.469 [32mINFO[0m Account CNgdDTfsLRujBAhh8uVHP34gBHuHNvrE7x4wdZsh12et updated.
Sep 25 14:31:49.681 [32mINFO[0m Account AwuneQgALPAye5TgJVzBfJJJfNBu7ezYwvNoyo8hHrpQ not found, creating a new account from default values
Sep 25 14:31:49.682 [32mINFO[0m Account AwuneQgALPAye5TgJVzBfJJJfNBu7ezYwvNoyo8hHrpQ updated.
Sep 25 14:31:52.231 [32mINFO[0m Account EPjFWdd5AufqSSqeM2qN1xzybapC8G4wEGGkZwyTDt1v updated.
Sep 25 14:31:52.773 [32mINFO[0m Account w3agifuLCa3XLpTQgXXKvC9Pipbn6AMaEPWk7ZTV86u updated.
Sep 25 14:31:55.929 [32mINFO[0m Account FSYurJQkjYZE3i2RpJup4fxpGonDurdcUoNTSr86w6BY updated.
Sep 25 14:31:58.523 [32mINFO[0m Account RJMMjTfuk35VJFYguqabN2Dp4HZPnqU433LW8LUB73F updated.
Sep 25 14:32:02.759 [32mINFO[0m Account 9LZdXeKGeBV6hRLdxS1rHbHoEUsKqesCC2ZAPTPKJAbK updated.
Sep 25 14:32:39.415 [32mINFO[0m Account J6uS2Gr9ficzTCBtDKukunXePfr3sa33t9brFiWtpRZv updated.
Sep 25 14:32:40.467 [32mINFO[0m Account XsoCS1TfEyfFhfvj8EtZ528L3CaKBDBRqRapnBbDF2W updated.
Sep 25 14:32:40.999 [32mINFO[0m Account Xs8S1uUs1zvS2p7iwtsG3b6fkhpvmwz4GYU3gWAmWHZ updated.
Sep 25 14:32:42.070 [32mINFO[0m Account Xsc9qvGR1efVDFGLrVsmkzv3qi45LTBjeUKSPmx9qEh updated.
Sep 25 14:32:43.122 [32mINFO[0m Account XsbEhLAtcf6HdfpFZ5xEMdqW8nfAvcsP5bdudRLJzJp updated.
Sep 25 14:32:44.137 [32mINFO[0m Account XsDoVfqeBukxuZHWhdvWHBhgEHjGNst4MLodqsJHzoB updated.
Sep 25 14:32:45.204 [32mINFO[0m Account XspzcW1PRtgf6Wj92HCiZdjzKCyFekVD8P5Ueh3dRMX updated.
Sep 25 14:32:46.771 [32mINFO[0m Account XsCPL9dNWBMvFtTmwcCA5v3xWPSMEBCszbQdiLLq6aN updated.
Sep 25 14:32:47.832 [32mINFO[0m Account Xs3eBt7uRfJX8QUs4suhyU8p2M6DoUDrJyWBa8LLZsg updated.
Sep 25 14:32:49.386 [32mINFO[0m Account Xsa62P5mvPszXL1krVUnU5ar38bBSVcWAB6fmPCo5Zu updated.
Sep 25 14:32:51.483 [32mINFO[0m Account PreweJYECqtQwBtpxHL171nL2K6umo692gTm7Q3rpgF updated.
Sep 25 14:32:53.056 [32mINFO[0m Account Pren1FvFX6J3E4kXhJuCiAD5aDmGEb7qJRncwA8Lkhw updated.
Sep 25 14:32:54.102 [32mINFO[0m Account PresTj4Yc2bAR197Er7wz4UUKSfqt6FryBEdAriBoQB updated.
Sep 25 14:32:55.155 [32mINFO[0m Account PreZad18qfPtbxNpMtMuAuX2zVpvkEU8DnJx56faCWd updated.
Sep 25 14:32:56.198 [32mINFO[0m Account PreLWGkkeqG1s4HEfFZSy9moCrJ7btsHuUtfcCeoRua updated.
Sep 25 14:32:57.243 [32mINFO[0m Account Pre8AREmFPtoJFT8mQSXQLh56cwJmM7CFDRuoGBZiUP updated.
Sep 25 14:32:58.303 [32mINFO[0m Account PrekqLJvJ3qVdXmBGDiexvwUTF4rLFDa6HWS4HJbw9S updated.
Sep 25 14:32:59.343 [32mINFO[0m Account PreANxuXjsy2pvisWWMNB6YaJNzr7681wJJr2rHsfTh updated.
Sep 25 14:33:22.408 [32mINFO[0m Account 8d9szTd157GKCLcxBqiLUgB7mek3v65rbsy2ErRyjwQ5 updated.
Sep 25 14:33:22.409 [32mINFO[0m Account CmumsQAU6TvqW2VLFVySBjQYKqKDeUPMBVdrxJ2YoK1 updated.
Sep 25 14:33:22.410 [32mINFO[0m Account HDwcJBJXjL9FpJ7UBsYBtaDjsBUhuLCUYoz3zr8SWWaQ updated.
Sep 25 14:33:29.236 [32mINFO[0m Account aQXpp5w1NXmba4WYWaA4uuP4HLLRjLWc8QFK63vQFW7 updated.
Sep 25 14:33:29.237 [32mINFO[0m Account 96QrNCjmh32H9quY9DX4NEH81nECVsbkATBDZeoVbvLV updated.
Sep 25 14:33:29.238 [32mINFO[0m Account rec5EKMGg6MxZYaMdyBfgwp4d5rB9T1VQH5pJv5LtFJ updated.
Sep 25 14:33:29.238 [32mINFO[0m Account DaWUKXCyXsnzcvLUyeJRWou8KTn7XtadgTsdhJ6RHS7b updated.
Sep 25 14:33:33.971 [32mINFO[0m Account HvD9RR6duUDVDVqZkrDfBURxkvYqmSo6w7HnC3Dqd4Jm updated.
Sep 25 14:33:53.371 [32mINFO[0m Account D8cy77BBepLMngZx6ZukaTff5hCt1HrWyKk3Hnd9oitf updated.
Sep 25 14:33:53.371 [32mINFO[0m Account 3J6kEW1H2cHRtLR7W6azgkoFCxbS8bkRVSth6Rmy2Cdv updated.
Sep 25 14:33:53.371 [32mINFO[0m Account 6Gi6cz3fsvtD4n7v2xNx3dY7JEQhRpjPQJjmQruEc3bP updated.
Sep 25 14:33:53.372 [32mINFO[0m Account EPjFWdd5AufqSSqeM2qN1xzybapC8G4wEGGkZwyTDt1v updated.
Sep 25 14:33:53.372 [32mINFO[0m Account 9v1o9K285AD3dctfzFNoa2MAyRj9Q2fcpdSrqCWQjKZb updated.
Sep 25 14:33:53.372 [32mINFO[0m Account PreweJYECqtQwBtpxHL171nL2K6umo692gTm7Q3rpgF updated.
Sep 25 14:33:53.372 [32mINFO[0m Account AntpWAd9rqm9MJ974fGDmrfHMywtJ7ajvjjUxi2w9pgy updated.
Sep 25 14:33:53.372 [32mINFO[0m Account PreweJYECqtQwBtpxHL171nL2K6umo692gTm7Q3rpgF updated.
Sep 25 14:33:53.372 [32mINFO[0m Account FuwH9eyEi9RApviaNqUhxZhEY6i455Ca2xQmNkjrfTU updated.
Sep 25 14:33:53.373 [32mINFO[0m Account 4Ec7ZxZS6Sbdg5UGSLHbAnM7GQHp2eFd4KYWRexAipQT updated.
Sep 25 14:33:53.377 [32mINFO[0m Account JUP6LkbZbjS1jKKwapdHNy74zcZ3tLUZoi5QNyVTaV4 updated.
Sep 25 14:33:53.377 [32mINFO[0m Account G92J4ZFggKZ9LbsQ2zBpajRvRto7ed7uRuJJqWsX4BhJ updated.
Sep 25 14:33:53.377 [32mINFO[0m Account MNFSTqtC93rEfYHB6hF82sKdZpUDFWkViLByLd1k1Ms updated.
Sep 25 14:33:54.392 [32mINFO[0m Account zB2vDMHatDhYdTPGG5a4h6CZrDR5ravWa1TwqE5eFdJ updated.
Sep 25 14:34:00.170 [32mINFO[0m Account 8XpQM1SuoReACGFAMokcjjKr9Dkhyd8Xye6uVaE3pqiC updated.
Sep 25 14:34:13.297 [32mINFO[0m Account PrekqLJvJ3qVdXmBGDiexvwUTF4rLFDa6HWS4HJbw9S updated.
Sep 25 14:34:13.297 [32mINFO[0m Account 4GBJVcHyC3GEnhmBkT2AjkZCWCQKbLSrLMRkxoN6RvKT updated.
Sep 25 14:34:13.298 [32mINFO[0m Account EPjFWdd5AufqSSqeM2qN1xzybapC8G4wEGGkZwyTDt1v updated.
Sep 25 14:34:13.298 [32mINFO[0m Account 6UJEYakJdrBeyxW3N8ZDohtMxQmV7DMmwtMDEqts3NP8 updated.
Sep 25 14:34:13.298 [32mINFO[0m Account G3LHQoAb7Xa18RjMtCeSxa9KsS8B2qwM1ahCzN6iQEGy updated.
Sep 25 14:34:14.311 [32mINFO[0m Account 4ubkSah9wKoTfM7BzXh5GwzBiPU8V836UsVSkXCgnSDu updated.
Sep 25 14:35:16.652 [32mINFO[0m Account 6Gi6cz3fsvtD4n7v2xNx3dY7JEQhRpjPQJjmQruEc3bP will be reset
Sep 25 14:35:16.654 [32mINFO[0m Account FuwH9eyEi9RApviaNqUhxZhEY6i455Ca2xQmNkjrfTU will be reset
Sep 25 14:35:16.655 [32mINFO[0m Account 9v1o9K285AD3dctfzFNoa2MAyRj9Q2fcpdSrqCWQjKZb will be reset
Sep 25 14:35:16.657 [32mINFO[0m Account 3J6kEW1H2cHRtLR7W6azgkoFCxbS8bkRVSth6Rmy2Cdv will be reset
Sep 25 14:35:16.659 [32mINFO[0m Account AntpWAd9rqm9MJ974fGDmrfHMywtJ7ajvjjUxi2w9pgy will be reset
Sep 25 14:35:16.661 [32mINFO[0m Account G3LHQoAb7Xa18RjMtCeSxa9KsS8B2qwM1ahCzN6iQEGy will be reset
Sep 25 14:35:16.663 [32mINFO[0m Account 4GBJVcHyC3GEnhmBkT2AjkZCWCQKbLSrLMRkxoN6RvKT will be reset
Sep 25 14:35:16.665 [32mINFO[0m Account 6UJEYakJdrBeyxW3N8ZDohtMxQmV7DMmwtMDEqts3NP8 will be reset
Sep 25 14:35:16.667 [32mINFO[0m Account H5MzmaZKUkVhZdCPFfkHT24XLSEKtW7XP14rm2icB7Wj will be reset
Sep 25 14:35:16.668 [32mINFO[0m Account 8dakLi3FRb1w1cgHVWQ8snd4xZw8dVKecNvQ8jH2LUup will be reset
Sep 25 14:35:22.497 [32mINFO[0m Account BN3APTiyGQmARpRyxTTZ356t9nVEbokVowaAqjbAgW3R updated.
Sep 25 14:35:33.505 [32mINFO[0m Account 3J6kEW1H2cHRtLR7W6azgkoFCxbS8bkRVSth6Rmy2Cdv updated.
Sep 25 14:35:33.505 [32mINFO[0m Account 6Gi6cz3fsvtD4n7v2xNx3dY7JEQhRpjPQJjmQruEc3bP updated.
Sep 25 14:35:33.505 [32mINFO[0m Account EPjFWdd5AufqSSqeM2qN1xzybapC8G4wEGGkZwyTDt1v updated.
Sep 25 14:35:33.505 [32mINFO[0m Account 9v1o9K285AD3dctfzFNoa2MAyRj9Q2fcpdSrqCWQjKZb updated.
Sep 25 14:35:33.505 [32mINFO[0m Account PreweJYECqtQwBtpxHL171nL2K6umo692gTm7Q3rpgF updated.
Sep 25 14:35:33.505 [32mINFO[0m Account AntpWAd9rqm9MJ974fGDmrfHMywtJ7ajvjjUxi2w9pgy updated.
Sep 25 14:35:33.505 [32mINFO[0m Account PreweJYECqtQwBtpxHL171nL2K6umo692gTm7Q3rpgF updated.
Sep 25 14:35:33.505 [32mINFO[0m Account FuwH9eyEi9RApviaNqUhxZhEY6i455Ca2xQmNkjrfTU updated.
Sep 25 14:35:38.723 [32mINFO[0m Account uNd8qMjnrVgM2kVU5F81J4iV39ufhq8w9uw7PuwAKWT updated.
Sep 25 14:35:48.687 [32mINFO[0m Account PrekqLJvJ3qVdXmBGDiexvwUTF4rLFDa6HWS4HJbw9S updated.
Sep 25 14:35:48.687 [32mINFO[0m Account 4GBJVcHyC3GEnhmBkT2AjkZCWCQKbLSrLMRkxoN6RvKT updated.
Sep 25 14:35:48.687 [32mINFO[0m Account EPjFWdd5AufqSSqeM2qN1xzybapC8G4wEGGkZwyTDt1v updated.
Sep 25 14:35:48.687 [32mINFO[0m Account 6UJEYakJdrBeyxW3N8ZDohtMxQmV7DMmwtMDEqts3NP8 updated.
Sep 25 14:35:48.687 [32mINFO[0m Account G3LHQoAb7Xa18RjMtCeSxa9KsS8B2qwM1ahCzN6iQEGy updated.
Sep 25 14:37:49.875 [32mINFO[0m Account 6Gi6cz3fsvtD4n7v2xNx3dY7JEQhRpjPQJjmQruEc3bP will be reset
Sep 25 14:37:49.878 [32mINFO[0m Account FuwH9eyEi9RApviaNqUhxZhEY6i455Ca2xQmNkjrfTU will be reset
Sep 25 14:37:49.881 [32mINFO[0m Account 9v1o9K285AD3dctfzFNoa2MAyRj9Q2fcpdSrqCWQjKZb will be reset
Sep 25 14:37:49.883 [32mINFO[0m Account 3J6kEW1H2cHRtLR7W6azgkoFCxbS8bkRVSth6Rmy2Cdv will be reset
Sep 25 14:37:49.886 [32mINFO[0m Account AntpWAd9rqm9MJ974fGDmrfHMywtJ7ajvjjUxi2w9pgy will be reset
Sep 25 14:37:49.888 [32mINFO[0m Account G3LHQoAb7Xa18RjMtCeSxa9KsS8B2qwM1ahCzN6iQEGy will be reset
Sep 25 14:37:49.890 [32mINFO[0m Account 4GBJVcHyC3GEnhmBkT2AjkZCWCQKbLSrLMRkxoN6RvKT will be reset
Sep 25 14:37:49.893 [32mINFO[0m Account 6UJEYakJdrBeyxW3N8ZDohtMxQmV7DMmwtMDEqts3NP8 will be reset
Sep 25 14:37:49.895 [32mINFO[0m Account H5MzmaZKUkVhZdCPFfkHT24XLSEKtW7XP14rm2icB7Wj will be reset
Sep 25 14:37:49.897 [32mINFO[0m Account 8dakLi3FRb1w1cgHVWQ8snd4xZw8dVKecNvQ8jH2LUup will be reset
Sep 25 14:37:55.044 [32mINFO[0m Account 2M8LfPAx2E6yqikRd5ffsJXM9k358aPfRfoCtHtvVmdz updated.
Sep 25 14:38:06.637 [32mINFO[0m Account 3J6kEW1H2cHRtLR7W6azgkoFCxbS8bkRVSth6Rmy2Cdv updated.
Sep 25 14:38:06.638 [32mINFO[0m Account 6Gi6cz3fsvtD4n7v2xNx3dY7JEQhRpjPQJjmQruEc3bP updated.
Sep 25 14:38:06.638 [32mINFO[0m Account EPjFWdd5AufqSSqeM2qN1xzybapC8G4wEGGkZwyTDt1v updated.
Sep 25 14:38:06.638 [32mINFO[0m Account 9v1o9K285AD3dctfzFNoa2MAyRj9Q2fcpdSrqCWQjKZb updated.
Sep 25 14:38:06.638 [32mINFO[0m Account PreweJYECqtQwBtpxHL171nL2K6umo692gTm7Q3rpgF updated.
Sep 25 14:38:06.638 [32mINFO[0m Account AntpWAd9rqm9MJ974fGDmrfHMywtJ7ajvjjUxi2w9pgy updated.
Sep 25 14:38:06.638 [32mINFO[0m Account PreweJYECqtQwBtpxHL171nL2K6umo692gTm7Q3rpgF updated.
Sep 25 14:38:06.638 [32mINFO[0m Account FuwH9eyEi9RApviaNqUhxZhEY6i455Ca2xQmNkjrfTU updated.
Sep 25 14:38:12.343 [32mINFO[0m Account C6VvqVxozyo11FmUeZLovtGzAcEAM8FUiAeEg65qNmmh updated.
Sep 25 14:38:23.878 [32mINFO[0m Account PrekqLJvJ3qVdXmBGDiexvwUTF4rLFDa6HWS4HJbw9S updated.
Sep 25 14:38:23.878 [32mINFO[0m Account 4GBJVcHyC3GEnhmBkT2AjkZCWCQKbLSrLMRkxoN6RvKT updated.
Sep 25 14:38:23.878 [32mINFO[0m Account EPjFWdd5AufqSSqeM2qN1xzybapC8G4wEGGkZwyTDt1v updated.
Sep 25 14:38:23.878 [32mINFO[0m Account 6UJEYakJdrBeyxW3N8ZDohtMxQmV7DMmwtMDEqts3NP8 updated.
Sep 25 14:38:23.878 [32mINFO[0m Account G3LHQoAb7Xa18RjMtCeSxa9KsS8B2qwM1ahCzN6iQEGy updated.
Sep 25 14:43:26.058 [32mINFO[0m Account 6Gi6cz3fsvtD4n7v2xNx3dY7JEQhRpjPQJjmQruEc3bP will be reset
Sep 25 14:43:26.059 [32mINFO[0m Account FuwH9eyEi9RApviaNqUhxZhEY6i455Ca2xQmNkjrfTU will be reset
Sep 25 14:43:26.061 [32mINFO[0m Account 9v1o9K285AD3dctfzFNoa2MAyRj9Q2fcpdSrqCWQjKZb will be reset
Sep 25 14:43:26.063 [32mINFO[0m Account 3J6kEW1H2cHRtLR7W6azgkoFCxbS8bkRVSth6Rmy2Cdv will be reset
Sep 25 14:43:26.065 [32mINFO[0m Account AntpWAd9rqm9MJ974fGDmrfHMywtJ7ajvjjUxi2w9pgy will be reset
Sep 25 14:43:26.067 [32mINFO[0m Account G3LHQoAb7Xa18RjMtCeSxa9KsS8B2qwM1ahCzN6iQEGy will be reset
Sep 25 14:43:26.068 [32mINFO[0m Account 4GBJVcHyC3GEnhmBkT2AjkZCWCQKbLSrLMRkxoN6RvKT will be reset
Sep 25 14:43:26.070 [32mINFO[0m Account 6UJEYakJdrBeyxW3N8ZDohtMxQmV7DMmwtMDEqts3NP8 will be reset
Sep 25 14:43:26.072 [32mINFO[0m Account H5MzmaZKUkVhZdCPFfkHT24XLSEKtW7XP14rm2icB7Wj will be reset
Sep 25 14:43:26.074 [32mINFO[0m Account 8dakLi3FRb1w1cgHVWQ8snd4xZw8dVKecNvQ8jH2LUup will be reset
Sep 25 14:43:34.774 [32mINFO[0m Account 5PtxasRVqvHnjk7hAzTtbq8KuWBdgVcCfnMDKbo6EAJt updated.
Sep 25 14:43:48.415 [32mINFO[0m Account DTcBdSesLTG7SJ78Xvj9jc1JF8cj1DqDoMJuFRp58NN3 updated.
Sep 25 14:43:52.090 [32mINFO[0m Account 3J6kEW1H2cHRtLR7W6azgkoFCxbS8bkRVSth6Rmy2Cdv updated.
Sep 25 14:43:52.090 [32mINFO[0m Account 6Gi6cz3fsvtD4n7v2xNx3dY7JEQhRpjPQJjmQruEc3bP updated.
Sep 25 14:43:52.090 [32mINFO[0m Account EPjFWdd5AufqSSqeM2qN1xzybapC8G4wEGGkZwyTDt1v updated.
Sep 25 14:43:52.090 [32mINFO[0m Account 9v1o9K285AD3dctfzFNoa2MAyRj9Q2fcpdSrqCWQjKZb updated.
Sep 25 14:43:52.090 [32mINFO[0m Account PreweJYECqtQwBtpxHL171nL2K6umo692gTm7Q3rpgF updated.
Sep 25 14:43:52.090 [32mINFO[0m Account AntpWAd9rqm9MJ974fGDmrfHMywtJ7ajvjjUxi2w9pgy updated.
Sep 25 14:43:52.090 [32mINFO[0m Account PreweJYECqtQwBtpxHL171nL2K6umo692gTm7Q3rpgF updated.
Sep 25 14:43:52.090 [32mINFO[0m Account FuwH9eyEi9RApviaNqUhxZhEY6i455Ca2xQmNkjrfTU updated.
Sep 25 14:44:05.181 [32mINFO[0m Account 2fAEi4rgzt7UL7NuCpP9SXNepskZJuo5327b3aWVH7ak updated.
Sep 25 14:44:07.813 [32mINFO[0m Account PrekqLJvJ3qVdXmBGDiexvwUTF4rLFDa6HWS4HJbw9S updated.
Sep 25 14:44:07.813 [32mINFO[0m Account 4GBJVcHyC3GEnhmBkT2AjkZCWCQKbLSrLMRkxoN6RvKT updated.
Sep 25 14:44:07.813 [32mINFO[0m Account EPjFWdd5AufqSSqeM2qN1xzybapC8G4wEGGkZwyTDt1v updated.
Sep 25 14:44:07.813 [32mINFO[0m Account 6UJEYakJdrBeyxW3N8ZDohtMxQmV7DMmwtMDEqts3NP8 updated.
Sep 25 14:44:07.813 [32mINFO[0m Account G3LHQoAb7Xa18RjMtCeSxa9KsS8B2qwM1ahCzN6iQEGy updated.
Sep 25 14:54:11.013 [32mINFO[0m Account 6Gi6cz3fsvtD4n7v2xNx3dY7JEQhRpjPQJjmQruEc3bP will be reset
Sep 25 14:54:11.014 [32mINFO[0m Account FuwH9eyEi9RApviaNqUhxZhEY6i455Ca2xQmNkjrfTU will be reset
Sep 25 14:54:11.016 [32mINFO[0m Account 9v1o9K285AD3dctfzFNoa2MAyRj9Q2fcpdSrqCWQjKZb will be reset
Sep 25 14:54:11.018 [32mINFO[0m Account 3J6kEW1H2cHRtLR7W6azgkoFCxbS8bkRVSth6Rmy2Cdv will be reset
Sep 25 14:54:11.020 [32mINFO[0m Account AntpWAd9rqm9MJ974fGDmrfHMywtJ7ajvjjUxi2w9pgy will be reset
Sep 25 14:54:11.022 [32mINFO[0m Account G3LHQoAb7Xa18RjMtCeSxa9KsS8B2qwM1ahCzN6iQEGy will be reset
Sep 25 14:54:11.024 [32mINFO[0m Account 4GBJVcHyC3GEnhmBkT2AjkZCWCQKbLSrLMRkxoN6RvKT will be reset
Sep 25 14:54:11.026 [32mINFO[0m Account 6UJEYakJdrBeyxW3N8ZDohtMxQmV7DMmwtMDEqts3NP8 will be reset
Sep 25 14:54:11.028 [32mINFO[0m Account H5MzmaZKUkVhZdCPFfkHT24XLSEKtW7XP14rm2icB7Wj will be reset
Sep 25 14:54:11.030 [32mINFO[0m Account 8dakLi3FRb1w1cgHVWQ8snd4xZw8dVKecNvQ8jH2LUup will be reset
Sep 25 14:54:15.987 [32mINFO[0m Account 9TYZffG5nPmT5mycRj4ejXy5uU7KSESmmANkmXWFFduR updated.
Sep 25 14:54:25.946 [32mINFO[0m Account 3J6kEW1H2cHRtLR7W6azgkoFCxbS8bkRVSth6Rmy2Cdv updated.
Sep 25 14:54:25.946 [32mINFO[0m Account 6Gi6cz3fsvtD4n7v2xNx3dY7JEQhRpjPQJjmQruEc3bP updated.
Sep 25 14:54:25.946 [32mINFO[0m Account EPjFWdd5AufqSSqeM2qN1xzybapC8G4wEGGkZwyTDt1v updated.
Sep 25 14:54:25.946 [32mINFO[0m Account 9v1o9K285AD3dctfzFNoa2MAyRj9Q2fcpdSrqCWQjKZb updated.
Sep 25 14:54:25.946 [32mINFO[0m Account PreweJYECqtQwBtpxHL171nL2K6umo692gTm7Q3rpgF updated.
Sep 25 14:54:25.946 [32mINFO[0m Account AntpWAd9rqm9MJ974fGDmrfHMywtJ7ajvjjUxi2w9pgy updated.
Sep 25 14:54:25.946 [32mINFO[0m Account PreweJYECqtQwBtpxHL171nL2K6umo692gTm7Q3rpgF updated.
Sep 25 14:54:25.946 [32mINFO[0m Account FuwH9eyEi9RApviaNqUhxZhEY6i455Ca2xQmNkjrfTU updated.
Sep 25 14:54:37.483 [32mINFO[0m Account 2CSovZ6YSRSEaFfSyA5ioofZd8pRdHpPEWn5R93CCpP5 updated.
Sep 25 14:54:40.634 [32mINFO[0m Account PrekqLJvJ3qVdXmBGDiexvwUTF4rLFDa6HWS4HJbw9S updated.
Sep 25 14:54:40.634 [32mINFO[0m Account 4GBJVcHyC3GEnhmBkT2AjkZCWCQKbLSrLMRkxoN6RvKT updated.
Sep 25 14:54:40.634 [32mINFO[0m Account EPjFWdd5AufqSSqeM2qN1xzybapC8G4wEGGkZwyTDt1v updated.
Sep 25 14:54:40.634 [32mINFO[0m Account 6UJEYakJdrBeyxW3N8ZDohtMxQmV7DMmwtMDEqts3NP8 updated.
Sep 25 14:54:40.634 [32mINFO[0m Account G3LHQoAb7Xa18RjMtCeSxa9KsS8B2qwM1ahCzN6iQEGy updated.
Sep 25 15:09:42.763 [32mINFO[0m Account 6Gi6cz3fsvtD4n7v2xNx3dY7JEQhRpjPQJjmQruEc3bP will be reset
Sep 25 15:09:42.765 [32mINFO[0m Account FuwH9eyEi9RApviaNqUhxZhEY6i455Ca2xQmNkjrfTU will be reset
Sep 25 15:09:42.767 [32mINFO[0m Account 9v1o9K285AD3dctfzFNoa2MAyRj9Q2fcpdSrqCWQjKZb will be reset
Sep 25 15:09:42.769 [32mINFO[0m Account 3J6kEW1H2cHRtLR7W6azgkoFCxbS8bkRVSth6Rmy2Cdv will be reset
Sep 25 15:09:42.771 [32mINFO[0m Account AntpWAd9rqm9MJ974fGDmrfHMywtJ7ajvjjUxi2w9pgy will be reset
Sep 25 15:09:42.773 [32mINFO[0m Account G3LHQoAb7Xa18RjMtCeSxa9KsS8B2qwM1ahCzN6iQEGy will be reset
Sep 25 15:09:42.776 [32mINFO[0m Account 4GBJVcHyC3GEnhmBkT2AjkZCWCQKbLSrLMRkxoN6RvKT will be reset
Sep 25 15:09:42.778 [32mINFO[0m Account 6UJEYakJdrBeyxW3N8ZDohtMxQmV7DMmwtMDEqts3NP8 will be reset
Sep 25 15:09:42.780 [32mINFO[0m Account H5MzmaZKUkVhZdCPFfkHT24XLSEKtW7XP14rm2icB7Wj will be reset
Sep 25 15:09:42.782 [32mINFO[0m Account 8dakLi3FRb1w1cgHVWQ8snd4xZw8dVKecNvQ8jH2LUup will be reset
Sep 25 15:09:50.281 [32mINFO[0m Account HXUV5ob8E985WKDGWADzJoUVUToPYmP1MgYAXoUF7F6P updated.
Sep 25 15:09:59.739 [32mINFO[0m Account 3J6kEW1H2cHRtLR7W6azgkoFCxbS8bkRVSth6Rmy2Cdv updated.
Sep 25 15:09:59.739 [32mINFO[0m Account 6Gi6cz3fsvtD4n7v2xNx3dY7JEQhRpjPQJjmQruEc3bP updated.
Sep 25 15:09:59.739 [32mINFO[0m Account EPjFWdd5AufqSSqeM2qN1xzybapC8G4wEGGkZwyTDt1v updated.
Sep 25 15:09:59.739 [32mINFO[0m Account 9v1o9K285AD3dctfzFNoa2MAyRj9Q2fcpdSrqCWQjKZb updated.
Sep 25 15:09:59.740 [32mINFO[0m Account PreweJYECqtQwBtpxHL171nL2K6umo692gTm7Q3rpgF updated.
Sep 25 15:09:59.740 [32mINFO[0m Account AntpWAd9rqm9MJ974fGDmrfHMywtJ7ajvjjUxi2w9pgy updated.
Sep 25 15:09:59.740 [32mINFO[0m Account PreweJYECqtQwBtpxHL171nL2K6umo692gTm7Q3rpgF updated.
Sep 25 15:09:59.740 [32mINFO[0m Account FuwH9eyEi9RApviaNqUhxZhEY6i455Ca2xQmNkjrfTU updated.
Sep 25 15:10:05.531 [32mINFO[0m Account GyUVwLi9hinju8wJfuah4ctA4TjtoMTfdG6BEs6bZ2mm updated.
