Sep 25 15:27:30.956 [31mERROR[0m Failed to start subgraph and explorer server: Address already in use (os error 48)
Sep 25 15:27:35.298 [33mWARN[0m Failed to start subgraph and explorer server: Address already in use (os error 48)
Sep 25 15:27:35.298 [32mINFO[0m Continuing with simnet startup...
Sep 25 15:27:35.298 [32mINFO[0m Datasource connection successful. Epoch 1042 / Slot index 235384 / Slot 450379384.
Sep 25 15:27:35.298 [32mINFO[0m Skipping 0 lamport airdrop
Sep 25 15:27:35.298 [32mINFO[0m Account Hf1cD93ear3eJGqZUmcm912AFdSg7kbW41w5edRrHYaz not found, creating a new account from default values
Sep 25 15:27:35.298 [32mINFO[0m Account Hf1cD93ear3eJGqZUmcm912AFdSg7kbW41w5edRrHYaz updated.
Sep 25 15:27:35.489 [32mINFO[0m Account 2x2osnpnuo8qcDvJeBjQsYuKk12eymLSx9deCN9BJb4m not found, creating a new account from default values
Sep 25 15:27:35.489 [32mINFO[0m Account 2x2osnpnuo8qcDvJeBjQsYuKk12eymLSx9deCN9BJb4m updated.
Sep 25 15:27:36.883 [32mINFO[0m Account 7okuGKwRkoLvcGsu1wXHC3gqJQk41FZT9mo363Qsefwu not found, creating a new account from default values
Sep 25 15:27:36.883 [32mINFO[0m Account 7okuGKwRkoLvcGsu1wXHC3gqJQk41FZT9mo363Qsefwu updated.
Sep 25 15:27:38.232 [32mINFO[0m Account EGaHpAB9Svfv6zW8ZcNrSEayvMPNsg1gJqQUPDYfNKqL not found, creating a new account from default values
Sep 25 15:27:38.233 [32mINFO[0m Account EGaHpAB9Svfv6zW8ZcNrSEayvMPNsg1gJqQUPDYfNKqL updated.
Sep 25 15:27:39.636 [32mINFO[0m Account CuZDTZrPcGrRcjjFEF4UmcxgGq75Jm8eFFaxAWnSBBGA not found, creating a new account from default values
Sep 25 15:27:39.636 [32mINFO[0m Account CuZDTZrPcGrRcjjFEF4UmcxgGq75Jm8eFFaxAWnSBBGA updated.
Sep 25 15:27:41.090 [32mINFO[0m Account 9V2ngYYce5fmbjEUhYMiVFMRY7CT9qmvYXB8vzc6S1as not found, creating a new account from default values
Sep 25 15:27:41.090 [32mINFO[0m Account 9V2ngYYce5fmbjEUhYMiVFMRY7CT9qmvYXB8vzc6S1as updated.
Sep 25 15:27:42.471 [32mINFO[0m Account CcJ4VfBuFwMTPgDB7EjaWkzLidqZ4ZEiEEXGViL3oJiw not found, creating a new account from default values
Sep 25 15:27:42.471 [32mINFO[0m Account CcJ4VfBuFwMTPgDB7EjaWkzLidqZ4ZEiEEXGViL3oJiw updated.
Sep 25 15:27:43.931 [32mINFO[0m Account HMFt5dbUCAMtxq9vcirRSpgoTHGQH3tow8RbRVp5greU not found, creating a new account from default values
Sep 25 15:27:43.931 [32mINFO[0m Account HMFt5dbUCAMtxq9vcirRSpgoTHGQH3tow8RbRVp5greU updated.
Sep 25 15:27:45.421 [32mINFO[0m Account hoyjKyffP55yKjj8aEGARUQi5xKC3bZTYv4j4ih3dBy not found, creating a new account from default values
Sep 25 15:27:45.421 [32mINFO[0m Account hoyjKyffP55yKjj8aEGARUQi5xKC3bZTYv4j4ih3dBy updated.
Sep 25 15:27:47.930 [32mINFO[0m Account 75uzrnEcXXKf7fi53BxTBh5kTJCY7o6WD2qLvjMMShZd not found, creating a new account from default values
Sep 25 15:27:47.930 [32mINFO[0m Account 75uzrnEcXXKf7fi53BxTBh5kTJCY7o6WD2qLvjMMShZd updated.
Sep 25 15:27:49.246 [32mINFO[0m Account CNgdDTfsLRujBAhh8uVHP34gBHuHNvrE7x4wdZsh12et not found, creating a new account from default values
Sep 25 15:27:49.246 [32mINFO[0m Account CNgdDTfsLRujBAhh8uVHP34gBHuHNvrE7x4wdZsh12et updated.
Sep 25 15:27:50.998 [32mINFO[0m Account AwuneQgALPAye5TgJVzBfJJJfNBu7ezYwvNoyo8hHrpQ not found, creating a new account from default values
Sep 25 15:27:50.998 [32mINFO[0m Account AwuneQgALPAye5TgJVzBfJJJfNBu7ezYwvNoyo8hHrpQ updated.
Sep 25 15:27:53.803 [32mINFO[0m Account EPjFWdd5AufqSSqeM2qN1xzybapC8G4wEGGkZwyTDt1v updated.
Sep 25 15:27:56.422 [32mINFO[0m Account w3agifuLCa3XLpTQgXXKvC9Pipbn6AMaEPWk7ZTV86u updated.
Sep 25 15:27:58.089 [32mINFO[0m Account FSYurJQkjYZE3i2RpJup4fxpGonDurdcUoNTSr86w6BY updated.
Sep 25 15:28:00.381 [32mINFO[0m Account RJMMjTfuk35VJFYguqabN2Dp4HZPnqU433LW8LUB73F updated.
Sep 25 15:28:03.370 [32mINFO[0m Account 9LZdXeKGeBV6hRLdxS1rHbHoEUsKqesCC2ZAPTPKJAbK updated.
Sep 25 15:30:49.850 [32mINFO[0m Account J6uS2Gr9ficzTCBtDKukunXePfr3sa33t9brFiWtpRZv updated.
Sep 25 15:30:50.778 [32mINFO[0m Account XsoCS1TfEyfFhfvj8EtZ528L3CaKBDBRqRapnBbDF2W updated.
Sep 25 15:30:51.194 [32mINFO[0m Account Xs8S1uUs1zvS2p7iwtsG3b6fkhpvmwz4GYU3gWAmWHZ updated.
Sep 25 15:30:51.800 [32mINFO[0m Account Xsc9qvGR1efVDFGLrVsmkzv3qi45LTBjeUKSPmx9qEh updated.
Sep 25 15:30:52.400 [32mINFO[0m Account XsbEhLAtcf6HdfpFZ5xEMdqW8nfAvcsP5bdudRLJzJp updated.
Sep 25 15:30:52.804 [32mINFO[0m Account XsDoVfqeBukxuZHWhdvWHBhgEHjGNst4MLodqsJHzoB updated.
Sep 25 15:30:53.414 [32mINFO[0m Account XspzcW1PRtgf6Wj92HCiZdjzKCyFekVD8P5Ueh3dRMX updated.
Sep 25 15:30:54.006 [32mINFO[0m Account XsCPL9dNWBMvFtTmwcCA5v3xWPSMEBCszbQdiLLq6aN updated.
Sep 25 15:30:54.682 [32mINFO[0m Account Xs3eBt7uRfJX8QUs4suhyU8p2M6DoUDrJyWBa8LLZsg updated.
Sep 25 15:30:55.400 [32mINFO[0m Account Xsa62P5mvPszXL1krVUnU5ar38bBSVcWAB6fmPCo5Zu updated.
Sep 25 15:30:55.981 [32mINFO[0m Account PreweJYECqtQwBtpxHL171nL2K6umo692gTm7Q3rpgF updated.
Sep 25 15:30:56.413 [32mINFO[0m Account Pren1FvFX6J3E4kXhJuCiAD5aDmGEb7qJRncwA8Lkhw updated.
Sep 25 15:30:57.041 [32mINFO[0m Account PresTj4Yc2bAR197Er7wz4UUKSfqt6FryBEdAriBoQB updated.
Sep 25 15:30:57.651 [32mINFO[0m Account PreZad18qfPtbxNpMtMuAuX2zVpvkEU8DnJx56faCWd updated.
Sep 25 15:30:58.083 [32mINFO[0m Account PreLWGkkeqG1s4HEfFZSy9moCrJ7btsHuUtfcCeoRua updated.
Sep 25 15:30:58.581 [32mINFO[0m Account Pre8AREmFPtoJFT8mQSXQLh56cwJmM7CFDRuoGBZiUP updated.
Sep 25 15:30:59.062 [32mINFO[0m Account PrekqLJvJ3qVdXmBGDiexvwUTF4rLFDa6HWS4HJbw9S updated.
Sep 25 15:30:59.536 [32mINFO[0m Account PreANxuXjsy2pvisWWMNB6YaJNzr7681wJJr2rHsfTh updated.
Sep 25 15:31:10.606 [32mINFO[0m Account 8d9szTd157GKCLcxBqiLUgB7mek3v65rbsy2ErRyjwQ5 updated.
Sep 25 15:31:10.606 [32mINFO[0m Account CmumsQAU6TvqW2VLFVySBjQYKqKDeUPMBVdrxJ2YoK1 updated.
Sep 25 15:31:10.607 [32mINFO[0m Account HDwcJBJXjL9FpJ7UBsYBtaDjsBUhuLCUYoz3zr8SWWaQ updated.
Sep 25 15:31:11.788 [32mINFO[0m Account F6WGJJzJsUSE38KfWp1wiFyJrt3UszK6mcVGhmLuteM3 updated.
Sep 25 15:31:11.788 [32mINFO[0m Account 96QrNCjmh32H9quY9DX4NEH81nECVsbkATBDZeoVbvLV updated.
Sep 25 15:31:11.788 [32mINFO[0m Account rec5EKMGg6MxZYaMdyBfgwp4d5rB9T1VQH5pJv5LtFJ updated.
Sep 25 15:31:11.789 [32mINFO[0m Account DaWUKXCyXsnzcvLUyeJRWou8KTn7XtadgTsdhJ6RHS7b updated.
Sep 25 15:31:22.279 [32mINFO[0m Account D8cy77BBepLMngZx6ZukaTff5hCt1HrWyKk3Hnd9oitf updated.
Sep 25 15:31:22.279 [32mINFO[0m Account 2HquchT1EsaAtZLUcE9rFovLDqszxEka94xThh7E7vFE updated.
Sep 25 15:31:22.279 [32mINFO[0m Account 61mmsZUgoFNuqzXDsRH9TV2U9zc5aL1H5pKKA2pogsCC updated.
Sep 25 15:31:22.279 [32mINFO[0m Account So11111111111111111111111111111111111111112 updated.
Sep 25 15:31:22.279 [32mINFO[0m Account 9QLobxLUYdmP4UJ6GJwMDHSroMDkpL7aEVhbqvnmZHd2 updated.
Sep 25 15:31:22.279 [32mINFO[0m Account Pren1FvFX6J3E4kXhJuCiAD5aDmGEb7qJRncwA8Lkhw updated.
Sep 25 15:31:22.279 [32mINFO[0m Account 9R3wgE4GGNDCk6PJLJuVbcdBzZPUBituUQGxUcJX2VVP updated.
Sep 25 15:31:22.279 [32mINFO[0m Account Pren1FvFX6J3E4kXhJuCiAD5aDmGEb7qJRncwA8Lkhw updated.
Sep 25 15:31:22.279 [32mINFO[0m Account GqV32FxMfyBCw8QGhSkGHkQxByGeC17Do7ZUVbetWNJH updated.
Sep 25 15:31:22.279 [32mINFO[0m Account So11111111111111111111111111111111111111112 updated.
Sep 25 15:31:22.279 [32mINFO[0m Account 44X92BsHwLxrLm7mxPws7axfqEUViscA3qXex3g988qQ updated.
Sep 25 15:31:22.279 [32mINFO[0m Account EPjFWdd5AufqSSqeM2qN1xzybapC8G4wEGGkZwyTDt1v updated.
Sep 25 15:31:22.279 [32mINFO[0m Account 784tzUM1PzWBC7cGfsPpFDGrPypgCisV85LQAmiz95AN updated.
Sep 25 15:31:22.279 [32mINFO[0m Account F3ds62W3NNEBQrwi2ZFy2vX3xu5fxL6f7VMtRdmKjoCv updated.
Sep 25 15:31:22.280 [32mINFO[0m Account 4Ec7ZxZS6Sbdg5UGSLHbAnM7GQHp2eFd4KYWRexAipQT updated.
Sep 25 15:31:22.283 [32mINFO[0m Account JUP6LkbZbjS1jKKwapdHNy74zcZ3tLUZoi5QNyVTaV4 updated.
Sep 25 15:31:22.283 [32mINFO[0m Account G92J4ZFggKZ9LbsQ2zBpajRvRto7ed7uRuJJqWsX4BhJ updated.
Sep 25 15:31:22.283 [32mINFO[0m Account MNFSTqtC93rEfYHB6hF82sKdZpUDFWkViLByLd1k1Ms updated.
Sep 25 15:31:22.283 [32mINFO[0m Account 3arz4MHPGRFLxsd595niWSwYcRPdWPZrUhGTKXLGMrQe updated.
Sep 25 15:31:22.283 [32mINFO[0m Account FLUX6xBayGxLX9UcimVRxXFMHH6q43mAbRvDzSpCsvfK updated.
Sep 25 15:31:22.987 [32mINFO[0m Account FVD1dDS8z1sY5c4KLni6fEFNAK4YzqNgfvAKtC2iJbqr updated.
Sep 25 15:31:22.987 [32mINFO[0m Account Hu5cMUbiMKS39q8Xjhxx2Rqx7fThUBHAH3rKVnBMaaby updated.
Sep 25 15:31:28.602 [32mINFO[0m Account 3Vf1Lb4ScpebkqNYUSJ9kM69aGR5pYwzeXDdYd7qHGWW updated.
Sep 25 15:31:35.258 [32mINFO[0m Account 2xmhJyp2uNmttg5VfMbiWfMSdWtrN4N9vLX4MTPuMZ4J updated.
Sep 25 15:31:35.258 [32mINFO[0m Account 3UYmuPPsByqS5CC7AKsEpB4W1WuZcr8UEEFgUBGgLjH3 updated.
Sep 25 15:31:35.258 [32mINFO[0m Account EPjFWdd5AufqSSqeM2qN1xzybapC8G4wEGGkZwyTDt1v updated.
Sep 25 15:31:35.258 [32mINFO[0m Account 52ZjrBJDGueUBegcdknHZcwa5bnAiJcAJ65hgymxDdRB updated.
Sep 25 15:31:35.258 [32mINFO[0m Account EPjFWdd5AufqSSqeM2qN1xzybapC8G4wEGGkZwyTDt1v updated.
Sep 25 15:31:35.258 [32mINFO[0m Account AHFAv95Z67xnPYuHTf5a9uMEHdXFvbQvwc4EazY3tpt7 updated.
Sep 25 15:31:35.258 [32mINFO[0m Account DbuvwPuLvH8uy2B1sKuu18aCd2QpCvfZdfDtdRZztBd2 updated.
Sep 25 15:31:35.258 [32mINFO[0m Account EPjFWdd5AufqSSqeM2qN1xzybapC8G4wEGGkZwyTDt1v updated.
Sep 25 15:31:35.258 [32mINFO[0m Account DhqdGGgkAnj8AYqh2zbb8JRS3bfZZ8j2JQTQZ739moCk updated.
Sep 25 15:31:35.258 [32mINFO[0m Account So11111111111111111111111111111111111111112 updated.
Sep 25 15:31:35.258 [32mINFO[0m Account HZ5JFB1ZoZs6NQLr7bb4MMEXDgty4Vs1ZghoyX35mNnV updated.
Sep 25 15:31:35.258 [32mINFO[0m Account 8zTGeWM6oKDzqumVqbZHXjHN8LrKBZcZ5FTeH5dx8N9a updated.
Sep 25 15:31:35.258 [32mINFO[0m Account So11111111111111111111111111111111111111112 updated.
Sep 25 15:31:35.258 [32mINFO[0m Account bHHnvxhkzBebvqxpnzVaXSdQ1GdFeZFg8yi9YKgL7zE updated.
Sep 25 15:31:35.258 [32mINFO[0m Account EPjFWdd5AufqSSqeM2qN1xzybapC8G4wEGGkZwyTDt1v updated.
Sep 25 15:31:35.258 [32mINFO[0m Account CRKZr6Y9t2hzVNWY4gJk5eig8uznyykB4RTuGSqJDw7n updated.
Sep 25 15:31:35.258 [32mINFO[0m Account DJNtGuBGEQiUCWE8F981M2C3ZghZt2XLD8f2sQdZ6rsZ updated.
Sep 25 15:31:35.259 [32mINFO[0m Account EaEKZFeuKvws16cfgkaCqZBwpvEdCC6Gsw6282A9WsCD updated.
Sep 25 15:31:35.259 [32mINFO[0m Account syEzpmVAJVk5LCPUfNjtsF9peEsMBsmYyo1FHU7aVgy updated.
Sep 25 15:31:35.259 [32mINFO[0m Account 5nmAbnjJfW1skrPvYjLTBNdhoKzJfznnbvDcM8G2U7Ki updated.
Sep 25 15:31:35.259 [32mINFO[0m Account 6Wj5ZjKYiVDjT7bwotbts1wtQ7MbXecS8rDB1e4aEB6r updated.
Sep 25 15:31:35.260 [32mINFO[0m Account DEXYosS6oEGvk8uCDayvwEZz4qEyDJRf9nFgYCaqPMTm updated.
Sep 25 15:31:35.260 [32mINFO[0m Account 66S4Bs8HVyaPdQ5JGfKixEZMf5CczcfnLGgGYEKnvi3Z updated.
Sep 25 15:31:35.261 [32mINFO[0m Account HpNfyc2Saw7RKkQd8nEL4khUcuPhQ7WwY1B2qjx8jxFq updated.
Sep 25 15:31:35.261 [32mINFO[0m Account HZzqEWHEvSiqYt6PxxLs7zXETmqGuryqfmvggjAkqisp updated.
Sep 25 15:31:35.647 [32mINFO[0m Account 23iTfgGpQMxmeDhF4BcjW6D33UYG4Up25ttdc27vDD42 updated.
Sep 25 15:31:35.647 [32mINFO[0m Account 3Gh6vbi6wKLTnx93XzEb1nNtARB5cpBWZhHCgxY1tmxG updated.
Sep 25 15:31:46.575 [32mINFO[0m Account 31BPhZUTUfamYoC8j5ydfn5b8Mrcsqgb2x1KGBEf43ub updated.
