Sep 25 14:43:21.651 [31mERROR[0m Failed to start subgraph and explorer server: Address already in use (os error 48)
Sep 25 14:43:26.394 [33mWARN[0m Failed to start subgraph and explorer server: Address already in use (os error 48)
Sep 25 14:43:26.394 [32mINFO[0m Continuing with simnet startup...
Sep 25 14:43:26.394 [32mINFO[0m Datasource connection successful. Epoch 1042 / Slot index 225516 / Slot 450369516.
Sep 25 14:43:26.394 [32mINFO[0m Skipping 0 lamport airdrop
Sep 25 14:43:27.498 [32mINFO[0m Account Hf1cD93ear3eJGqZUmcm912AFdSg7kbW41w5edRrHYaz not found, creating a new account from default values
Sep 25 14:43:27.498 [32mINFO[0m Account Hf1cD93ear3eJGqZUmcm912AFdSg7kbW41w5edRrHYaz updated.
Sep 25 14:43:30.063 [32mINFO[0m Account 2x2osnpnuo8qcDvJeBjQsYuKk12eymLSx9deCN9BJb4m not found, creating a new account from default values
Sep 25 14:43:30.063 [32mINFO[0m Account 2x2osnpnuo8qcDvJeBjQsYuKk12eymLSx9deCN9BJb4m updated.
Sep 25 14:43:32.693 [32mINFO[0m Account 7okuGKwRkoLvcGsu1wXHC3gqJQk41FZT9mo363Qsefwu not found, creating a new account from default values
Sep 25 14:43:32.693 [32mINFO[0m Account 7okuGKwRkoLvcGsu1wXHC3gqJQk41FZT9mo363Qsefwu updated.
Sep 25 14:43:34.793 [32mINFO[0m Account EGaHpAB9Svfv6zW8ZcNrSEayvMPNsg1gJqQUPDYfNKqL not found, creating a new account from default values
Sep 25 14:43:34.793 [32mINFO[0m Account EGaHpAB9Svfv6zW8ZcNrSEayvMPNsg1gJqQUPDYfNKqL updated.
Sep 25 14:43:37.924 [32mINFO[0m Account CuZDTZrPcGrRcjjFEF4UmcxgGq75Jm8eFFaxAWnSBBGA not found, creating a new account from default values
Sep 25 14:43:37.924 [32mINFO[0m Account CuZDTZrPcGrRcjjFEF4UmcxgGq75Jm8eFFaxAWnSBBGA updated.
Sep 25 14:43:39.505 [32mINFO[0m Account 9V2ngYYce5fmbjEUhYMiVFMRY7CT9qmvYXB8vzc6S1as not found, creating a new account from default values
Sep 25 14:43:39.507 [32mINFO[0m Account 9V2ngYYce5fmbjEUhYMiVFMRY7CT9qmvYXB8vzc6S1as updated.
Sep 25 14:43:41.605 [32mINFO[0m Account CcJ4VfBuFwMTPgDB7EjaWkzLidqZ4ZEiEEXGViL3oJiw not found, creating a new account from default values
Sep 25 14:43:41.605 [32mINFO[0m Account CcJ4VfBuFwMTPgDB7EjaWkzLidqZ4ZEiEEXGViL3oJiw updated.
Sep 25 14:43:43.692 [32mINFO[0m Account HMFt5dbUCAMtxq9vcirRSpgoTHGQH3tow8RbRVp5greU not found, creating a new account from default values
Sep 25 14:43:43.692 [32mINFO[0m Account HMFt5dbUCAMtxq9vcirRSpgoTHGQH3tow8RbRVp5greU updated.
Sep 25 14:43:45.792 [32mINFO[0m Account hoyjKyffP55yKjj8aEGARUQi5xKC3bZTYv4j4ih3dBy not found, creating a new account from default values
Sep 25 14:43:45.792 [32mINFO[0m Account hoyjKyffP55yKjj8aEGARUQi5xKC3bZTYv4j4ih3dBy updated.
Sep 25 14:43:48.416 [32mINFO[0m Account 75uzrnEcXXKf7fi53BxTBh5kTJCY7o6WD2qLvjMMShZd not found, creating a new account from default values
Sep 25 14:43:48.416 [32mINFO[0m Account 75uzrnEcXXKf7fi53BxTBh5kTJCY7o6WD2qLvjMMShZd updated.
Sep 25 14:43:50.508 [32mINFO[0m Account CNgdDTfsLRujBAhh8uVHP34gBHuHNvrE7x4wdZsh12et not found, creating a new account from default values
Sep 25 14:43:50.508 [32mINFO[0m Account CNgdDTfsLRujBAhh8uVHP34gBHuHNvrE7x4wdZsh12et updated.
Sep 25 14:43:52.614 [32mINFO[0m Account AwuneQgALPAye5TgJVzBfJJJfNBu7ezYwvNoyo8hHrpQ not found, creating a new account from default values
Sep 25 14:43:52.617 [32mINFO[0m Account AwuneQgALPAye5TgJVzBfJJJfNBu7ezYwvNoyo8hHrpQ updated.
Sep 25 14:43:54.699 [32mINFO[0m Account EPjFWdd5AufqSSqeM2qN1xzybapC8G4wEGGkZwyTDt1v updated.
Sep 25 14:43:55.231 [32mINFO[0m Account w3agifuLCa3XLpTQgXXKvC9Pipbn6AMaEPWk7ZTV86u updated.
Sep 25 14:43:57.334 [32mINFO[0m Account FSYurJQkjYZE3i2RpJup4fxpGonDurdcUoNTSr86w6BY updated.
Sep 25 14:43:59.426 [32mINFO[0m Account RJMMjTfuk35VJFYguqabN2Dp4HZPnqU433LW8LUB73F updated.
Sep 25 14:44:04.144 [32mINFO[0m Account 9LZdXeKGeBV6hRLdxS1rHbHoEUsKqesCC2ZAPTPKJAbK updated.
Sep 25 14:44:41.364 [32mINFO[0m Account J6uS2Gr9ficzTCBtDKukunXePfr3sa33t9brFiWtpRZv updated.
Sep 25 14:44:43.456 [32mINFO[0m Account XsoCS1TfEyfFhfvj8EtZ528L3CaKBDBRqRapnBbDF2W updated.
Sep 25 14:44:43.986 [32mINFO[0m Account Xs8S1uUs1zvS2p7iwtsG3b6fkhpvmwz4GYU3gWAmWHZ updated.
Sep 25 14:44:45.032 [32mINFO[0m Account Xsc9qvGR1efVDFGLrVsmkzv3qi45LTBjeUKSPmx9qEh updated.
Sep 25 14:44:46.085 [32mINFO[0m Account XsbEhLAtcf6HdfpFZ5xEMdqW8nfAvcsP5bdudRLJzJp updated.
Sep 25 14:44:46.607 [32mINFO[0m Account XsDoVfqeBukxuZHWhdvWHBhgEHjGNst4MLodqsJHzoB updated.
Sep 25 14:44:48.175 [32mINFO[0m Account XspzcW1PRtgf6Wj92HCiZdjzKCyFekVD8P5Ueh3dRMX updated.
Sep 25 14:44:49.222 [32mINFO[0m Account XsCPL9dNWBMvFtTmwcCA5v3xWPSMEBCszbQdiLLq6aN updated.
Sep 25 14:44:50.273 [32mINFO[0m Account Xs3eBt7uRfJX8QUs4suhyU8p2M6DoUDrJyWBa8LLZsg updated.
Sep 25 14:44:51.318 [32mINFO[0m Account Xsa62P5mvPszXL1krVUnU5ar38bBSVcWAB6fmPCo5Zu updated.
Sep 25 14:44:52.391 [32mINFO[0m Account PreweJYECqtQwBtpxHL171nL2K6umo692gTm7Q3rpgF updated.
Sep 25 14:44:52.906 [32mINFO[0m Account Pren1FvFX6J3E4kXhJuCiAD5aDmGEb7qJRncwA8Lkhw updated.
Sep 25 14:44:53.941 [32mINFO[0m Account PresTj4Yc2bAR197Er7wz4UUKSfqt6FryBEdAriBoQB updated.
Sep 25 14:44:54.992 [32mINFO[0m Account PreZad18qfPtbxNpMtMuAuX2zVpvkEU8DnJx56faCWd updated.
Sep 25 14:44:56.039 [32mINFO[0m Account PreLWGkkeqG1s4HEfFZSy9moCrJ7btsHuUtfcCeoRua updated.
Sep 25 14:44:57.608 [32mINFO[0m Account Pre8AREmFPtoJFT8mQSXQLh56cwJmM7CFDRuoGBZiUP updated.
Sep 25 14:44:58.657 [32mINFO[0m Account PrekqLJvJ3qVdXmBGDiexvwUTF4rLFDa6HWS4HJbw9S updated.
Sep 25 14:44:59.181 [32mINFO[0m Account PreANxuXjsy2pvisWWMNB6YaJNzr7681wJJr2rHsfTh updated.
Sep 25 14:45:10.244 [32mINFO[0m Time travel to 2026-09-26 02:00:00 successful (epoch 1042 / slot 450480005)
Sep 25 14:45:19.648 [32mINFO[0m Account 8d9szTd157GKCLcxBqiLUgB7mek3v65rbsy2ErRyjwQ5 updated.
Sep 25 14:45:19.648 [32mINFO[0m Account CmumsQAU6TvqW2VLFVySBjQYKqKDeUPMBVdrxJ2YoK1 updated.
Sep 25 14:45:19.649 [32mINFO[0m Account HDwcJBJXjL9FpJ7UBsYBtaDjsBUhuLCUYoz3zr8SWWaQ updated.
Sep 25 14:45:22.825 [32mINFO[0m Account GwPqGRGf1fAmtp4YshkcFahsZZ2TUgazXKeAvF9o79ke updated.
Sep 25 14:45:22.826 [32mINFO[0m Account 96QrNCjmh32H9quY9DX4NEH81nECVsbkATBDZeoVbvLV updated.
Sep 25 14:45:22.826 [32mINFO[0m Account rec5EKMGg6MxZYaMdyBfgwp4d5rB9T1VQH5pJv5LtFJ updated.
Sep 25 14:45:22.826 [32mINFO[0m Account DaWUKXCyXsnzcvLUyeJRWou8KTn7XtadgTsdhJ6RHS7b updated.
Sep 25 14:45:34.432 [32mINFO[0m Time travel to 2026-09-26 16:00:00 successful (epoch 1042 / slot 450606005)
Sep 25 14:45:40.092 [32mINFO[0m Account BADUUyw1sPvCcfHXWn3hySa3nTAqaLZ6bf2WyqX25WUQ updated.
