Sep 25 14:50:09.122 [31mERROR[0m Failed to start subgraph and explorer server: Address already in use (os error 48)
Sep 25 14:50:15.335 [33mWARN[0m Failed to start subgraph and explorer server: Address already in use (os error 48)
Sep 25 14:50:15.335 [32mINFO[0m Continuing with simnet startup...
Sep 25 14:50:15.335 [32mINFO[0m Datasource connection successful. Epoch 1042 / Slot index 227035 / Slot 450371035.
Sep 25 14:50:15.335 [32mINFO[0m Skipping 0 lamport airdrop
Sep 25 14:50:15.343 [32mINFO[0m Account Hf1cD93ear3eJGqZUmcm912AFdSg7kbW41w5edRrHYaz not found, creating a new account from default values
Sep 25 14:50:15.343 [32mINFO[0m Account Hf1cD93ear3eJGqZUmcm912AFdSg7kbW41w5edRrHYaz updated.
Sep 25 14:50:17.449 [32mINFO[0m Account 2x2osnpnuo8qcDvJeBjQsYuKk12eymLSx9deCN9BJb4m not found, creating a new account from default values
Sep 25 14:50:17.449 [32mINFO[0m Account 2x2osnpnuo8qcDvJeBjQsYuKk12eymLSx9deCN9BJb4m updated.
Sep 25 14:50:19.552 [32mINFO[0m Account 7okuGKwRkoLvcGsu1wXHC3gqJQk41FZT9mo363Qsefwu not found, creating a new account from default values
Sep 25 14:50:19.552 [32mINFO[0m Account 7okuGKwRkoLvcGsu1wXHC3gqJQk41FZT9mo363Qsefwu updated.
Sep 25 14:50:21.628 [32mINFO[0m Account EGaHpAB9Svfv6zW8ZcNrSEayvMPNsg1gJqQUPDYfNKqL not found, creating a new account from default values
Sep 25 14:50:21.628 [32mINFO[0m Account EGaHpAB9Svfv6zW8ZcNrSEayvMPNsg1gJqQUPDYfNKqL updated.
Sep 25 14:50:24.247 [32mINFO[0m Account CuZDTZrPcGrRcjjFEF4UmcxgGq75Jm8eFFaxAWnSBBGA not found, creating a new account from default values
Sep 25 14:50:24.247 [32mINFO[0m Account CuZDTZrPcGrRcjjFEF4UmcxgGq75Jm8eFFaxAWnSBBGA updated.
Sep 25 14:50:25.826 [32mINFO[0m Account 9V2ngYYce5fmbjEUhYMiVFMRY7CT9qmvYXB8vzc6S1as not found, creating a new account from default values
Sep 25 14:50:25.826 [32mINFO[0m Account 9V2ngYYce5fmbjEUhYMiVFMRY7CT9qmvYXB8vzc6S1as updated.
Sep 25 14:50:28.482 [32mINFO[0m Account CcJ4VfBuFwMTPgDB7EjaWkzLidqZ4ZEiEEXGViL3oJiw not found, creating a new account from default values
Sep 25 14:50:28.482 [32mINFO[0m Account CcJ4VfBuFwMTPgDB7EjaWkzLidqZ4ZEiEEXGViL3oJiw updated.
Sep 25 14:50:30.566 [32mINFO[0m Account HMFt5dbUCAMtxq9vcirRSpgoTHGQH3tow8RbRVp5greU not found, creating a new account from default values
Sep 25 14:50:30.567 [32mINFO[0m Account HMFt5dbUCAMtxq9vcirRSpgoTHGQH3tow8RbRVp5greU updated.
Sep 25 14:50:35.346 [32mINFO[0m Account hoyjKyffP55yKjj8aEGARUQi5xKC3bZTYv4j4ih3dBy not found, creating a new account from default values
Sep 25 14:50:35.346 [32mINFO[0m Account hoyjKyffP55yKjj8aEGARUQi5xKC3bZTYv4j4ih3dBy updated.
Sep 25 14:50:38.959 [32mINFO[0m Account 75uzrnEcXXKf7fi53BxTBh5kTJCY7o6WD2qLvjMMShZd not found, creating a new account from default values
Sep 25 14:50:38.959 [32mINFO[0m Account 75uzrnEcXXKf7fi53BxTBh5kTJCY7o6WD2qLvjMMShZd updated.
Sep 25 14:50:42.629 [32mINFO[0m Account CNgdDTfsLRujBAhh8uVHP34gBHuHNvrE7x4wdZsh12et not found, creating a new account from default values
Sep 25 14:50:42.629 [32mINFO[0m Account CNgdDTfsLRujBAhh8uVHP34gBHuHNvrE7x4wdZsh12et updated.
Sep 25 14:50:44.734 [32mINFO[0m Account AwuneQgALPAye5TgJVzBfJJJfNBu7ezYwvNoyo8hHrpQ not found, creating a new account from default values
Sep 25 14:50:44.734 [32mINFO[0m Account AwuneQgALPAye5TgJVzBfJJJfNBu7ezYwvNoyo8hHrpQ updated.
Sep 25 14:50:46.289 [32mINFO[0m Account EPjFWdd5AufqSSqeM2qN1xzybapC8G4wEGGkZwyTDt1v updated.
Sep 25 14:50:46.841 [32mINFO[0m Account w3agifuLCa3XLpTQgXXKvC9Pipbn6AMaEPWk7ZTV86u updated.
Sep 25 14:50:48.955 [32mINFO[0m Account FSYurJQkjYZE3i2RpJup4fxpGonDurdcUoNTSr86w6BY updated.
Sep 25 14:50:51.029 [32mINFO[0m Account RJMMjTfuk35VJFYguqabN2Dp4HZPnqU433LW8LUB73F updated.
Sep 25 14:50:55.728 [32mINFO[0m Account 9LZdXeKGeBV6hRLdxS1rHbHoEUsKqesCC2ZAPTPKJAbK updated.
Sep 25 14:51:35.552 [32mINFO[0m Account J6uS2Gr9ficzTCBtDKukunXePfr3sa33t9brFiWtpRZv updated.
Sep 25 14:51:37.654 [32mINFO[0m Account XsoCS1TfEyfFhfvj8EtZ528L3CaKBDBRqRapnBbDF2W updated.
Sep 25 14:51:39.747 [32mINFO[0m Account Xs8S1uUs1zvS2p7iwtsG3b6fkhpvmwz4GYU3gWAmWHZ updated.
Sep 25 14:51:40.321 [32mINFO[0m Account Xsc9qvGR1efVDFGLrVsmkzv3qi45LTBjeUKSPmx9qEh updated.
Sep 25 14:51:40.813 [32mINFO[0m Account XsbEhLAtcf6HdfpFZ5xEMdqW8nfAvcsP5bdudRLJzJp updated.
Sep 25 14:51:42.374 [32mINFO[0m Account XsDoVfqeBukxuZHWhdvWHBhgEHjGNst4MLodqsJHzoB updated.
Sep 25 14:51:43.437 [32mINFO[0m Account XspzcW1PRtgf6Wj92HCiZdjzKCyFekVD8P5Ueh3dRMX updated.
Sep 25 14:51:43.961 [32mINFO[0m Account XsCPL9dNWBMvFtTmwcCA5v3xWPSMEBCszbQdiLLq6aN updated.
Sep 25 14:51:44.479 [32mINFO[0m Account Xs3eBt7uRfJX8QUs4suhyU8p2M6DoUDrJyWBa8LLZsg updated.
Sep 25 14:51:45.521 [32mINFO[0m Account Xsa62P5mvPszXL1krVUnU5ar38bBSVcWAB6fmPCo5Zu updated.
Sep 25 14:51:46.568 [32mINFO[0m Account PreweJYECqtQwBtpxHL171nL2K6umo692gTm7Q3rpgF updated.
Sep 25 14:51:48.140 [32mINFO[0m Account Pren1FvFX6J3E4kXhJuCiAD5aDmGEb7qJRncwA8Lkhw updated.
Sep 25 14:51:50.236 [32mINFO[0m Account PresTj4Yc2bAR197Er7wz4UUKSfqt6FryBEdAriBoQB updated.
Sep 25 14:51:52.339 [32mINFO[0m Account PreZad18qfPtbxNpMtMuAuX2zVpvkEU8DnJx56faCWd updated.
Sep 25 14:51:53.907 [32mINFO[0m Account PreLWGkkeqG1s4HEfFZSy9moCrJ7btsHuUtfcCeoRua updated.
Sep 25 14:51:54.954 [32mINFO[0m Account Pre8AREmFPtoJFT8mQSXQLh56cwJmM7CFDRuoGBZiUP updated.
Sep 25 14:51:56.537 [32mINFO[0m Account PrekqLJvJ3qVdXmBGDiexvwUTF4rLFDa6HWS4HJbw9S updated.
Sep 25 14:51:58.100 [32mINFO[0m Account PreANxuXjsy2pvisWWMNB6YaJNzr7681wJJr2rHsfTh updated.
Sep 25 14:52:38.480 [32mINFO[0m Account 8d9szTd157GKCLcxBqiLUgB7mek3v65rbsy2ErRyjwQ5 updated.
Sep 25 14:52:38.481 [32mINFO[0m Account CmumsQAU6TvqW2VLFVySBjQYKqKDeUPMBVdrxJ2YoK1 updated.
Sep 25 14:52:38.483 [32mINFO[0m Account HDwcJBJXjL9FpJ7UBsYBtaDjsBUhuLCUYoz3zr8SWWaQ updated.
Sep 25 14:52:43.726 [32mINFO[0m Account Az5aeq3JTHujNok9ZPcFAaAMoJqJgTk9PH16BLjm3BBN updated.
Sep 25 14:52:43.727 [32mINFO[0m Account 96QrNCjmh32H9quY9DX4NEH81nECVsbkATBDZeoVbvLV updated.
Sep 25 14:52:43.728 [32mINFO[0m Account rec5EKMGg6MxZYaMdyBfgwp4d5rB9T1VQH5pJv5LtFJ updated.
Sep 25 14:52:43.728 [32mINFO[0m Account DaWUKXCyXsnzcvLUyeJRWou8KTn7XtadgTsdhJ6RHS7b updated.
Sep 25 14:52:47.378 [32mINFO[0m Account 5joJkU4NaAdRWmDvepduyocfvyRcv7ZNLkqENf3419Yc updated.
Sep 25 14:53:19.925 [32mINFO[0m Account 8erbHjNK8R97rGn5Hi62bxuWaJwExVkkEuLYpHZAQJcs updated.
Sep 25 14:53:19.925 [32mINFO[0m Account CCWaYZ2UyMTYJCDkXGMkGZRE9M6rmBUfg7yHnrV6Nib1 updated.
Sep 25 14:53:19.925 [32mINFO[0m Account E8TpeC1Gx8gAfhHxrdS7uoSTcTgS7w1C6J5gPfYYYf9X updated.
Sep 25 14:53:19.925 [32mINFO[0m Account D8cy77BBepLMngZx6ZukaTff5hCt1HrWyKk3Hnd9oitf updated.
Sep 25 14:53:19.925 [32mINFO[0m Account So11111111111111111111111111111111111111112 updated.
Sep 25 14:53:19.925 [32mINFO[0m Account 7kctoUvvP77tvLPBbTcgXQqUDSqBYRXcQZyWELWQeHxA updated.
Sep 25 14:53:19.925 [32mINFO[0m Account 82RLfDeEAoYtx3rwZF7igAQC1nGsBBvAMkygB5mcJojZ updated.
Sep 25 14:53:19.925 [32mINFO[0m Account EPjFWdd5AufqSSqeM2qN1xzybapC8G4wEGGkZwyTDt1v updated.
Sep 25 14:53:19.925 [32mINFO[0m Account BdyhkSrDR2uKQqK5oCAsA1z9fzdHXhYpUzbL7rQ85wHj updated.
Sep 25 14:53:19.925 [32mINFO[0m Account 3MsJXVvievxAbsMsaT6TS4i6oMitD9jazucuq3X234tC updated.
Sep 25 14:53:19.925 [32mINFO[0m Account EPjFWdd5AufqSSqeM2qN1xzybapC8G4wEGGkZwyTDt1v updated.
Sep 25 14:53:19.925 [32mINFO[0m Account 6mK4Pxs6GhwnessH7CvPivqDYauiHZmAdbEFDpXFk9zt updated.
Sep 25 14:53:19.925 [32mINFO[0m Account So11111111111111111111111111111111111111112 updated.
Sep 25 14:53:19.925 [32mINFO[0m Account 6P4tvbzRY6Bh3MiWDHuLqyHywovsRwRpfskPvyeSoHsz updated.
Sep 25 14:53:19.925 [32mINFO[0m Account 8sLbNZoA1cfnvMJLPfp98ZLAnFSYCFApfJKMbiXNLwxj updated.
Sep 25 14:53:19.925 [32mINFO[0m Account DoPuiZfJu7sypqwR4eiU7C5TMcmmiFoU4HaF5SoD8mRy updated.
Sep 25 14:53:19.925 [32mINFO[0m Account 2HquchT1EsaAtZLUcE9rFovLDqszxEka94xThh7E7vFE updated.
Sep 25 14:53:19.925 [32mINFO[0m Account 61mmsZUgoFNuqzXDsRH9TV2U9zc5aL1H5pKKA2pogsCC updated.
Sep 25 14:53:19.925 [32mINFO[0m Account So11111111111111111111111111111111111111112 updated.
Sep 25 14:53:19.925 [32mINFO[0m Account 9QLobxLUYdmP4UJ6GJwMDHSroMDkpL7aEVhbqvnmZHd2 updated.
Sep 25 14:53:19.925 [32mINFO[0m Account Pren1FvFX6J3E4kXhJuCiAD5aDmGEb7qJRncwA8Lkhw updated.
Sep 25 14:53:19.925 [32mINFO[0m Account 9R3wgE4GGNDCk6PJLJuVbcdBzZPUBituUQGxUcJX2VVP updated.
Sep 25 14:53:19.925 [32mINFO[0m Account Pren1FvFX6J3E4kXhJuCiAD5aDmGEb7qJRncwA8Lkhw updated.
Sep 25 14:53:19.925 [32mINFO[0m Account GqV32FxMfyBCw8QGhSkGHkQxByGeC17Do7ZUVbetWNJH updated.
Sep 25 14:53:19.925 [32mINFO[0m Account 9iFER3bpjf1PTTCQCfTRu17EJgvsxo9pVyA9QWwEuX4x updated.
Sep 25 14:53:19.926 [32mINFO[0m Account HzD2cCXXT3UQNjMMY6kDv9w6gZ9qquSdfoGXrLL3LXx updated.
Sep 25 14:53:19.932 [32mINFO[0m Account CAMMCzo5YL8w4VFF8KVHrK22GGUsp5VTaW7grrKgrWqK updated.
Sep 25 14:53:19.932 [32mINFO[0m Account 3arz4MHPGRFLxsd595niWSwYcRPdWPZrUhGTKXLGMrQe updated.
Sep 25 14:53:19.932 [32mINFO[0m Account FLUX6xBayGxLX9UcimVRxXFMHH6q43mAbRvDzSpCsvfK updated.
Sep 25 14:53:19.934 [32mINFO[0m Account 4Ec7ZxZS6Sbdg5UGSLHbAnM7GQHp2eFd4KYWRexAipQT updated.
Sep 25 14:53:19.937 [32mINFO[0m Account JUP6LkbZbjS1jKKwapdHNy74zcZ3tLUZoi5QNyVTaV4 updated.
Sep 25 14:53:19.938 [32mINFO[0m Account G92J4ZFggKZ9LbsQ2zBpajRvRto7ed7uRuJJqWsX4BhJ updated.
Sep 25 14:53:19.938 [32mINFO[0m Account MNFSTqtC93rEfYHB6hF82sKdZpUDFWkViLByLd1k1Ms updated.
Sep 25 14:53:22.512 [32mINFO[0m Account 3W59angxNj8wkq35YdiW2ckLoRXHw1pGkkxLxNe3cwpu updated.
Sep 25 14:53:22.512 [32mINFO[0m Account EwhVfL6x9bdFnt74jGCeSwBLyodNTFDrmfPA7LH7Yn3H updated.
Sep 25 14:53:22.512 [32mINFO[0m Account FVD1dDS8z1sY5c4KLni6fEFNAK4YzqNgfvAKtC2iJbqr updated.
Sep 25 14:53:47.146 [32mINFO[0m Account 464dScZC4dDUPzRGKddCif4tTMzFbNJiqF5beYzgADB8 updated.
